Component: ARM Compiler 5.06 update 7 (build 960) Tool: armlink [4d3601]

==============================================================================

Section Cross References

    startup_stm32f405xx.o(RESET) refers to startup_stm32f405xx.o(STACK) for __initial_sp
    startup_stm32f405xx.o(RESET) refers to startup_stm32f405xx.o(.text) for Reset_Handler
    startup_stm32f405xx.o(RESET) refers to stm32f4xx_it.o(i.NMI_Handler) for NMI_Handler
    startup_stm32f405xx.o(RESET) refers to stm32f4xx_it.o(i.HardFault_Handler) for HardFault_Handler
    startup_stm32f405xx.o(RESET) refers to stm32f4xx_it.o(i.MemManage_Handler) for MemManage_Handler
    startup_stm32f405xx.o(RESET) refers to stm32f4xx_it.o(i.BusFault_Handler) for BusFault_Handler
    startup_stm32f405xx.o(RESET) refers to stm32f4xx_it.o(i.UsageFault_Handler) for UsageFault_Handler
    startup_stm32f405xx.o(RESET) refers to port.o(.emb_text) for SVC_Handler
    startup_stm32f405xx.o(RESET) refers to stm32f4xx_it.o(i.DebugMon_Handler) for DebugMon_Handler
    startup_stm32f405xx.o(RESET) refers to port.o(i.SysTick_Handler) for SysTick_Handler
    startup_stm32f405xx.o(RESET) refers to stm32f4xx_it.o(i.EXTI9_5_IRQHandler) for EXTI9_5_IRQHandler
    startup_stm32f405xx.o(RESET) refers to stm32f4xx_it.o(i.USART3_IRQHandler) for USART3_IRQHandler
    startup_stm32f405xx.o(RESET) refers to stm32f4xx_it.o(i.TIM8_TRG_COM_TIM14_IRQHandler) for TIM8_TRG_COM_TIM14_IRQHandler
    startup_stm32f405xx.o(.text) refers to system_stm32f4xx.o(i.SystemInit) for SystemInit
    startup_stm32f405xx.o(.text) refers to entry.o(.ARM.Collect$$$$00000000) for __main
    ads1299.o(i.ADS1299_CS_High) refers to main.o(i.DWT_Delay_us) for DWT_Delay_us
    ads1299.o(i.ADS1299_CS_High) refers to stm32f4xx_hal_gpio.o(i.HAL_GPIO_WritePin) for HAL_GPIO_WritePin
    ads1299.o(i.ADS1299_CS_Low) refers to stm32f4xx_hal_gpio.o(i.HAL_GPIO_WritePin) for HAL_GPIO_WritePin
    ads1299.o(i.ADS1299_CS_Low) refers to main.o(i.DWT_Delay_us) for DWT_Delay_us
    ads1299.o(i.ADS1299_Init) refers to printf8.o(i.__0printf$8) for __2printf
    ads1299.o(i.ADS1299_Init) refers to ads1299.o(i.ADS1299_CS_High) for ADS1299_CS_High
    ads1299.o(i.ADS1299_Init) refers to stm32f4xx_hal_gpio.o(i.HAL_GPIO_WritePin) for HAL_GPIO_WritePin
    ads1299.o(i.ADS1299_Init) refers to stm32f4xx_hal.o(i.HAL_Delay) for HAL_Delay
    ads1299.o(i.ADS1299_Init) refers to ads1299.o(i.ADS1299_WriteCommand) for ADS1299_WriteCommand
    ads1299.o(i.ADS1299_Init) refers to ads1299.o(i.ADS1299_ReadRegister) for ADS1299_ReadRegister
    ads1299.o(i.ADS1299_Init) refers to ads1299.o(i.ADS1299_WriteRegister) for ADS1299_WriteRegister
    ads1299.o(i.ADS1299_ReadData) refers to memseta.o(.text) for __aeabi_memclr4
    ads1299.o(i.ADS1299_ReadData) refers to ads1299.o(i.ADS1299_CS_Low) for ADS1299_CS_Low
    ads1299.o(i.ADS1299_ReadData) refers to stm32f4xx_hal_spi.o(i.HAL_SPI_TransmitReceive) for HAL_SPI_TransmitReceive
    ads1299.o(i.ADS1299_ReadData) refers to ads1299.o(i.ADS1299_CS_High) for ADS1299_CS_High
    ads1299.o(i.ADS1299_ReadData) refers to printf8.o(i.__0printf$8) for __2printf
    ads1299.o(i.ADS1299_ReadRegister) refers to ads1299.o(i.ADS1299_CS_Low) for ADS1299_CS_Low
    ads1299.o(i.ADS1299_ReadRegister) refers to stm32f4xx_hal_spi.o(i.HAL_SPI_Transmit) for HAL_SPI_Transmit
    ads1299.o(i.ADS1299_ReadRegister) refers to stm32f4xx_hal_spi.o(i.HAL_SPI_Receive) for HAL_SPI_Receive
    ads1299.o(i.ADS1299_ReadRegister) refers to ads1299.o(i.ADS1299_CS_High) for ADS1299_CS_High
    ads1299.o(i.ADS1299_WriteCommand) refers to ads1299.o(i.ADS1299_CS_Low) for ADS1299_CS_Low
    ads1299.o(i.ADS1299_WriteCommand) refers to stm32f4xx_hal_spi.o(i.HAL_SPI_Transmit) for HAL_SPI_Transmit
    ads1299.o(i.ADS1299_WriteCommand) refers to ads1299.o(i.ADS1299_CS_High) for ADS1299_CS_High
    ads1299.o(i.ADS1299_WriteRegister) refers to ads1299.o(i.ADS1299_CS_Low) for ADS1299_CS_Low
    ads1299.o(i.ADS1299_WriteRegister) refers to stm32f4xx_hal_spi.o(i.HAL_SPI_Transmit) for HAL_SPI_Transmit
    ads1299.o(i.ADS1299_WriteRegister) refers to ads1299.o(i.ADS1299_CS_High) for ADS1299_CS_High
    wifi.o(i.Wifi_Connect_TCP_Server) refers to printf8.o(i.__0sprintf$8) for __2sprintf
    wifi.o(i.Wifi_Connect_TCP_Server) refers to wifi.o(i.wifi_send_command) for wifi_send_command
    wifi.o(i.Wifi_Connect_TCP_Server) refers to strstr.o(.text) for strstr
    wifi.o(i.Wifi_Connect_TCP_Server) refers to atoi.o(.text) for atoi
    wifi.o(i.Wifi_Connect_TCP_Server) refers to printf8.o(i.__0printf$8) for __2printf
    wifi.o(i.Wifi_Connect_TCP_Server) refers to wifi.o(.bss) for .bss
    wifi.o(i.Wifi_Enter_Transparent_Mode) refers to wifi.o(i.wifi_send_command) for wifi_send_command
    wifi.o(i.Wifi_Enter_Transparent_Mode) refers to printf8.o(i.__0printf$8) for __2printf
    wifi.o(i.Wifi_Init) refers to printf8.o(i.__0printf$8) for __2printf
    wifi.o(i.Wifi_Init) refers to stm32f4xx_hal_gpio.o(i.HAL_GPIO_WritePin) for HAL_GPIO_WritePin
[...]
    i.MX_GPIO_Init                           0x08002748   Section        0  gpio.o(i.MX_GPIO_Init)
    i.MX_I2C1_Init                           0x0800287c   Section        0  i2c.o(i.MX_I2C1_Init)
    i.MX_SPI2_Init                           0x080028bc   Section        0  spi.o(i.MX_SPI2_Init)
    i.MX_USART1_UART_Init                    0x08002904   Section        0  usart.o(i.MX_USART1_UART_Init)
    i.MX_USART2_UART_Init                    0x0800293c   Section        0  usart.o(i.MX_USART2_UART_Init)
    i.MX_USART3_UART_Init                    0x08002974   Section        0  usart.o(i.MX_USART3_UART_Init)
    i.MemManage_Handler                      0x080029ac   Section        0  stm32f4xx_it.o(i.MemManage_Handler)
    i.NMI_Handler                            0x080029ae   Section        0  stm32f4xx_it.o(i.NMI_Handler)
    i.SPI_EndRxTransaction                   0x080029b0   Section        0  stm32f4xx_hal_spi.o(i.SPI_EndRxTransaction)
    SPI_EndRxTransaction                     0x080029b1   Thumb Code    92  stm32f4xx_hal_spi.o(i.SPI_EndRxTransaction)
    i.SPI_EndRxTxTransaction                 0x08002a0c   Section        0  stm32f4xx_hal_spi.o(i.SPI_EndRxTxTransaction)
    SPI_EndRxTxTransaction                   0x08002a0d   Thumb Code    98  stm32f4xx_hal_spi.o(i.SPI_EndRxTxTransaction)
    i.SPI_WaitFlagStateUntilTimeout          0x08002a78   Section        0  stm32f4xx_hal_spi.o(i.SPI_WaitFlagStateUntilTimeout)
    SPI_WaitFlagStateUntilTimeout            0x08002a79   Thumb Code   182  stm32f4xx_hal_spi.o(i.SPI_WaitFlagStateUntilTimeout)
    i.StartDefaultTask                       0x08002b34   Section        0  freertos.o(i.StartDefaultTask)
    i.SysTick_Handler                        0x08002b3c   Section        0  port.o(i.SysTick_Handler)
    i.SystemClock_Config                     0x08002b68   Section        0  main.o(i.SystemClock_Config)
    i.SystemInit                             0x08002c00   Section        0  system_stm32f4xx.o(i.SystemInit)
    i.TIM8_TRG_COM_TIM14_IRQHandler          0x08002c10   Section        0  stm32f4xx_it.o(i.TIM8_TRG_COM_TIM14_IRQHandler)
    i.TIM_Base_SetConfig                     0x08002c1c   Section        0  stm32f4xx_hal_tim.o(i.TIM_Base_SetConfig)
    i.UART_DMAAbortOnError                   0x08002cec   Section        0  stm32f4xx_hal_uart.o(i.UART_DMAAbortOnError)
    UART_DMAAbortOnError                     0x08002ced   Thumb Code    14  stm32f4xx_hal_uart.o(i.UART_DMAAbortOnError)
    i.UART_EndRxTransfer                     0x08002cfa   Section        0  stm32f4xx_hal_uart.o(i.UART_EndRxTransfer)
    UART_EndRxTransfer                       0x08002cfb   Thumb Code    78  stm32f4xx_hal_uart.o(i.UART_EndRxTransfer)
    i.UART_Receive_IT                        0x08002d48   Section        0  stm32f4xx_hal_uart.o(i.UART_Receive_IT)
    UART_Receive_IT                          0x08002d49   Thumb Code   194  stm32f4xx_hal_uart.o(i.UART_Receive_IT)
    i.UART_SetConfig                         0x08002e0c   Section        0  stm32f4xx_hal_uart.o(i.UART_SetConfig)
    UART_SetConfig                           0x08002e0d   Thumb Code   258  stm32f4xx_hal_uart.o(i.UART_SetConfig)
    i.UART_Start_Receive_IT                  0x08002f18   Section        0  stm32f4xx_hal_uart.o(i.UART_Start_Receive_IT)
    i.UART_WaitOnFlagUntilTimeout            0x08002f4e   Section        0  stm32f4xx_hal_uart.o(i.UART_WaitOnFlagUntilTimeout)
    UART_WaitOnFlagUntilTimeout              0x08002f4f   Thumb Code   112  stm32f4xx_hal_uart.o(i.UART_WaitOnFlagUntilTimeout)
    i.USART3_IRQHandler                      0x08002fc0   Section        0  stm32f4xx_it.o(i.USART3_IRQHandler)
    i.UsageFault_Handler                     0x08002fcc   Section        0  stm32f4xx_it.o(i.UsageFault_Handler)
    i.Wifi_Connect_TCP_Server                0x08002fd0   Section        0  wifi.o(i.Wifi_Connect_TCP_Server)
    i.Wifi_Enter_Transparent_Mode            0x080030ac   Section        0  wifi.o(i.Wifi_Enter_Transparent_Mode)
    i.Wifi_Init                              0x08003138   Section        0  wifi.o(i.Wifi_Init)
    i.Wifi_Rx_Callback                       0x08003444   Section        0  wifi.o(i.Wifi_Rx_Callback)
    i.Wifi_Send_Raw_Data                     0x08003470   Section        0  wifi.o(i.Wifi_Send_Raw_Data)
    i.__0printf$8                            0x08003484   Section        0  printf8.o(i.__0printf$8)
    i.__0sprintf$8                           0x080034a4   Section        0  printf8.o(i.__0sprintf$8)
    i.__NVIC_SetPriority                     0x080034cc   Section        0  stm32f4xx_hal_cortex.o(i.__NVIC_SetPriority)
    __NVIC_SetPriority                       0x080034cd   Thumb Code    32  stm32f4xx_hal_cortex.o(i.__NVIC_SetPriority)
    i.__aeabi_errno_addr                     0x080034ec   Section        0  errno.o(i.__aeabi_errno_addr)
    i.__scatterload_copy                     0x080034f4   Section       14  handlers.o(i.__scatterload_copy)
    i.__scatterload_null                     0x08003502   Section        2  handlers.o(i.__scatterload_null)
    i.__scatterload_zeroinit                 0x08003504   Section       14  handlers.o(i.__scatterload_zeroinit)
    i._printf_core                           0x08003514   Section        0  printf8.o(i._printf_core)
    _printf_core                             0x08003515   Thumb Code   984  printf8.o(i._printf_core)
    i._printf_post_padding                   0x08003918   Section        0  printf8.o(i._printf_post_padding)
    _printf_post_padding                     0x08003919   Thumb Code    36  printf8.o(i._printf_post_padding)
    i._printf_pre_padding                    0x0800393c   Section        0  printf8.o(i._printf_pre_padding)
    _printf_pre_padding                      0x0800393d   Thumb Code    46  printf8.o(i._printf_pre_padding)
    i._sputc                                 0x0800396a   Section        0  printf8.o(i._sputc)
    _sputc                                   0x0800396b   Thumb Code    10  printf8.o(i._sputc)
    i.ads1299Task                            0x08003974   Section        0  freertos.o(i.ads1299Task)
    i.fputc                                  0x08003a10   Section        0  usart.o(i.fputc)
    i.inHandlerMode                          0x08003a28   Section        0  cmsis_os.o(i.inHandlerMode)
    inHandlerMode                            0x08003a29   Thumb Code    12  cmsis_os.o(i.inHandlerMode)
    i.main                                   0x08003a34   Section        0  main.o(i.main)
    i.makeFreeRtosPriority                   0x08003a66   Section        0  cmsis_os.o(i.makeFreeRtosPriority)
    makeFreeRtosPriority                     0x08003a67   Thumb Code    12  cmsis_os.o(i.makeFreeRtosPriority)
    i.osDelay                                0x08003a72   Section        0  cmsis_os.o(i.osDelay)
    i.osKernelStart                          0x08003a80   Section        0  cmsis_os.o(i.osKernelStart)
    i.osKernelSysTick                        0x08003a8a   Section        0  cmsis_os.o(i.osKernelSysTick)
    i.osMailAlloc                            0x08003aa2   Section        0  cmsis_os.o(i.osMailAlloc)
    i.osMailCreate                           0x08003aae   Section        0  cmsis_os.o(i.osMailCreate)
    i.osMailFree                             0x08003b08   Section        0  cmsis_os.o(i.osMailFree)
    i.osMailGet                              0x08003b14   Section        0  cmsis_os.o(i.osMailGet)
    i.osMailPut                              0x08003ba4   Section        0  cmsis_os.o(i.osMailPut)
    i.osPoolAlloc                            0x08003c00   Section        0  cmsis_os.o(i.osPoolAlloc)
    i.osPoolCreate                           0x08003c6a   Section        0  cmsis_os.o(i.osPoolCreate)
    i.osPoolFree                             0x08003cc8   Section        0  cmsis_os.o(i.osPoolFree)
    i.osSemaphoreCreate                      0x08003cf8   Section        0  cmsis_os.o(i.osSemaphoreCreate)
    i.osSemaphoreRelease                     0x08003d38   Section        0  cmsis_os.o(i.osSemaphoreRelease)
    i.osSemaphoreWait                        0x08003d88   Section        0  cmsis_os.o(i.osSemaphoreWait)
    i.osThreadCreate                         0x08003dec   Section        0  cmsis_os.o(i.osThreadCreate)
    i.processDataTask                        0x08003e40   Section        0  freertos.o(i.processDataTask)
    i.prvAddCurrentTaskToDelayedList         0x08003efc   Section        0  tasks.o(i.prvAddCurrentTaskToDelayedList)
    prvAddCurrentTaskToDelayedList           0x08003efd   Thumb Code   102  tasks.o(i.prvAddCurrentTaskToDelayedList)
    i.prvAddNewTaskToReadyList               0x08003f6c   Section        0  tasks.o(i.prvAddNewTaskToReadyList)
    prvAddNewTaskToReadyList                 0x08003f6d   Thumb Code   194  tasks.o(i.prvAddNewTaskToReadyList)
    i.prvCopyDataFromQueue                   0x0800403c   Section        0  queue.o(i.prvCopyDataFromQueue)
    prvCopyDataFromQueue                     0x0800403d   Thumb Code    38  queue.o(i.prvCopyDataFromQueue)
    i.prvCopyDataToQueue                     0x08004062   Section        0  queue.o(i.prvCopyDataToQueue)
    prvCopyDataToQueue                       0x08004063   Thumb Code   108  queue.o(i.prvCopyDataToQueue)
    i.prvDeleteTCB                           0x080040ce   Section        0  tasks.o(i.prvDeleteTCB)
    prvDeleteTCB                             0x080040cf   Thumb Code    52  tasks.o(i.prvDeleteTCB)
    i.prvHeapInit                            0x08004104   Section        0  heap_4.o(i.prvHeapInit)
    prvHeapInit                              0x08004105   Thumb Code    66  heap_4.o(i.prvHeapInit)
    i.prvIdleTask                            0x08004150   Section        0  tasks.o(i.prvIdleTask)
    prvIdleTask                              0x08004151   Thumb Code    80  tasks.o(i.prvIdleTask)
    i.prvInitialiseNewQueue                  0x080041ac   Section        0  queue.o(i.prvInitialiseNewQueue)
    prvInitialiseNewQueue                    0x080041ad   Thumb Code    22  queue.o(i.prvInitialiseNewQueue)
    i.prvInitialiseNewTask                   0x080041c2   Section        0  tasks.o(i.prvInitialiseNewTask)
    prvInitialiseNewTask                     0x080041c3   Thumb Code   152  tasks.o(i.prvInitialiseNewTask)
    i.prvInsertBlockIntoFreeList             0x0800425c   Section        0  heap_4.o(i.prvInsertBlockIntoFreeList)
    prvInsertBlockIntoFreeList               0x0800425d   Thumb Code    72  heap_4.o(i.prvInsertBlockIntoFreeList)
    i.prvIsQueueEmpty                        0x080042a8   Section        0  queue.o(i.prvIsQueueEmpty)
    prvIsQueueEmpty                          0x080042a9   Thumb Code    26  queue.o(i.prvIsQueueEmpty)
    i.prvResetNextTaskUnblockTime            0x080042c4   Section        0  tasks.o(i.prvResetNextTaskUnblockTime)
    prvResetNextTaskUnblockTime              0x080042c5   Thumb Code    26  tasks.o(i.prvResetNextTaskUnblockTime)
    i.prvTaskExitError                       0x080042e4   Section        0  port.o(i.prvTaskExitError)
    prvTaskExitError                         0x080042e5   Thumb Code    36  port.o(i.prvTaskExitError)
    i.prvUnlockQueue                         0x0800430c   Section        0  queue.o(i.prvUnlockQueue)
    prvUnlockQueue                           0x0800430d   Thumb Code   106  queue.o(i.prvUnlockQueue)
    i.pvPortMalloc                           0x08004378   Section        0  heap_4.o(i.pvPortMalloc)
    i.pvTaskIncrementMutexHeldCount          0x08004454   Section        0  tasks.o(i.pvTaskIncrementMutexHeldCount)
    i.pxPortInitialiseStack                  0x0800446c   Section        0  port.o(i.pxPortInitialiseStack)
    i.uxListRemove                           0x08004498   Section        0  list.o(i.uxListRemove)
    i.vApplicationGetIdleTaskMemory          0x080044c0   Section        0  freertos.o(i.vApplicationGetIdleTaskMemory)
    i.vListInitialise                        0x080044d4   Section        0  list.o(i.vListInitialise)
    i.vListInitialiseItem                    0x080044ea   Section        0  list.o(i.vListInitialiseItem)
    i.vListInsert                            0x080044f0   Section        0  list.o(i.vListInsert)
    i.vListInsertEnd                         0x08004520   Section        0  list.o(i.vListInsertEnd)
    i.vPortEnterCritical                     0x08004538   Section        0  port.o(i.vPortEnterCritical)
    i.vPortExitCritical                      0x08004578   Section        0  port.o(i.vPortExitCritical)
    i.vPortFree                              0x080045a0   Section        0  heap_4.o(i.vPortFree)
    i.vPortSetupTimerInterrupt               0x08004604   Section        0  port.o(i.vPortSetupTimerInterrupt)
    i.vPortValidateInterruptPriority         0x08004628   Section        0  port.o(i.vPortValidateInterruptPriority)
    i.vTaskDelay                             0x0800467c   Section        0  tasks.o(i.vTaskDelay)
    i.vTaskInternalSetTimeOutState           0x080046c8   Section        0  tasks.o(i.vTaskInternalSetTimeOutState)
    i.vTaskMissedYield                       0x080046d8   Section        0  tasks.o(i.vTaskMissedYield)
    i.vTaskPlaceOnEventList                  0x080046e4   Section        0  tasks.o(i.vTaskPlaceOnEventList)
    i.vTaskPriorityDisinheritAfterTimeout    0x08004714   Section        0  tasks.o(i.vTaskPriorityDisinheritAfterTimeout)
    i.vTaskStartScheduler                    0x080047b8   Section        0  tasks.o(i.vTaskStartScheduler)
    i.vTaskSuspend                           0x08004824   Section        0  tasks.o(i.vTaskSuspend)
    i.vTaskSuspendAll                        0x080048e0   Section        0  tasks.o(i.vTaskSuspendAll)
    i.vTaskSwitchContext                     0x080048f0   Section        0  tasks.o(i.vTaskSwitchContext)
    i.wifiTask                               0x0800494c   Section        0  freertos.o(i.wifiTask)
    i.wifi_rx_buffer_clear                   0x08004a8c   Section        0  wifi.o(i.wifi_rx_buffer_clear)
    wifi_rx_buffer_clear                     0x08004a8d   Thumb Code    20  wifi.o(i.wifi_rx_buffer_clear)
    i.wifi_send_command                      0x08004aa8   Section        0  wifi.o(i.wifi_send_command)
    wifi_send_command                        0x08004aa9   Thumb Code   152  wifi.o(i.wifi_send_command)
    i.xPortStartScheduler                    0x08004be8   Section        0  port.o(i.xPortStartScheduler)
    i.xQueueGenericCreate                    0x08004cdc   Section        0  queue.o(i.xQueueGenericCreate)
    i.xQueueGenericCreateStatic              0x08004d1e   Section        0  queue.o(i.xQueueGenericCreateStatic)
    i.xQueueGenericReset                     0x08004d84   Section        0  queue.o(i.xQueueGenericReset)
    i.xQueueGenericSend                      0x08004e0c   Section        0  queue.o(i.xQueueGenericSend)
    i.xQueueGenericSendFromISR               0x08004f70   Section        0  queue.o(i.xQueueGenericSendFromISR)
    i.xQueueGiveFromISR                      0x0800502e   Section        0  queue.o(i.xQueueGiveFromISR)
    i.xQueueReceive                          0x080050cc   Section        0  queue.o(i.xQueueReceive)
    i.xQueueReceiveFromISR                   0x08005204   Section        0  queue.o(i.xQueueReceiveFromISR)
    i.xQueueSemaphoreTake                    0x080052a0   Section        0  queue.o(i.xQueueSemaphoreTake)
    i.xTaskCheckForTimeOut                   0x08005418   Section        0  tasks.o(i.xTaskCheckForTimeOut)
    i.xTaskCreate                            0x0800548c   Section        0  tasks.o(i.xTaskCreate)
    i.xTaskCreateStatic                      0x080054e6   Section        0  tasks.o(i.xTaskCreateStatic)
    i.xTaskGetSchedulerState                 0x08005540   Section        0  tasks.o(i.xTaskGetSchedulerState)
    i.xTaskGetTickCount                      0x0800555c   Section        0  tasks.o(i.xTaskGetTickCount)
    i.xTaskGetTickCountFromISR               0x08005568   Section        0  tasks.o(i.xTaskGetTickCountFromISR)
    i.xTaskIncrementTick                     0x08005578   Section        0  tasks.o(i.xTaskIncrementTick)
    i.xTaskPriorityDisinherit                0x08005644   Section        0  tasks.o(i.xTaskPriorityDisinherit)
    i.xTaskPriorityInherit                   0x080056dc   Section        0  tasks.o(i.xTaskPriorityInherit)
    i.xTaskRemoveFromEventList               0x08005768   Section        0  tasks.o(i.xTaskRemoveFromEventList)
    i.xTaskResumeAll                         0x080057dc   Section        0  tasks.o(i.xTaskResumeAll)
    .constdata                               0x080058a0   Section      124  freertos.o(.constdata)
    .constdata                               0x0800591c   Section       16  system_stm32f4xx.o(.constdata)
    .constdata                               0x0800592c   Section        8  system_stm32f4xx.o(.constdata)
    .constdata                               0x08005934   Section      129  ctype_o.o(.constdata)
    .constdata                               0x080059b8   Section        4  ctype_o.o(.constdata)
    table                                    0x080059b8   Data           4  ctype_o.o(.constdata)
    .conststring                             0x080059bc   Section       69  wifi.o(.conststring)
    .conststring                             0x08005a04   Section       40  freertos.o(.conststring)
    .data                                    0x20000000   Section        8  ads1299.o(.data)
    .data                                    0x20000008   Section        4  wifi.o(.data)
    g_rx_byte                                0x20000008   Data           1  wifi.o(.data)
    g_wifi_rx_index                          0x2000000a   Data           2  wifi.o(.data)
    .data                                    0x2000000c   Section       32  freertos.o(.data)
    .data                                    0x2000002c   Section       12  stm32f4xx_hal.o(.data)
    .data                                    0x20000038   Section        4  system_stm32f4xx.o(.data)
    .data                                    0x2000003c   Section       60  tasks.o(.data)
    uxDeletedTasksWaitingCleanUp             0x20000040   Data           4  tasks.o(.data)
    uxCurrentNumberOfTasks                   0x20000044   Data           4  tasks.o(.data)
    xTickCount                               0x20000048   Data           4  tasks.o(.data)
    uxTopReadyPriority                       0x2000004c   Data           4  tasks.o(.data)
    xSchedulerRunning                        0x20000050   Data           4  tasks.o(.data)
    xPendedTicks                             0x20000054   Data           4  tasks.o(.data)
    xYieldPending                            0x20000058   Data           4  tasks.o(.data)
    xNumOfOverflows                          0x2000005c   Data           4  tasks.o(.data)
    uxTaskNumber                             0x20000060   Data           4  tasks.o(.data)
    xNextTaskUnblockTime                     0x20000064   Data           4  tasks.o(.data)
    xIdleTaskHandle                          0x20000068   Data           4  tasks.o(.data)
    uxSchedulerSuspended                     0x2000006c   Data           4  tasks.o(.data)
    pxDelayedTaskList                        0x20000070   Data           4  tasks.o(.data)
    pxOverflowDelayedTaskList                0x20000074   Data           4  tasks.o(.data)
    .data                                    0x20000078   Section       32  heap_4.o(.data)
    pxEnd                                    0x20000078   Data           4  heap_4.o(.data)
    xFreeBytesRemaining                      0x2000007c   Data           4  heap_4.o(.data)
    xMinimumEverFreeBytesRemaining           0x20000080   Data           4  heap_4.o(.data)
    xNumberOfSuccessfulAllocations           0x20000084   Data           4  heap_4.o(.data)
    xNumberOfSuccessfulFrees                 0x20000088   Data           4  heap_4.o(.data)
    xBlockAllocatedBit                       0x2000008c   Data           4  heap_4.o(.data)
    xStart                                   0x20000090   Data           8  heap_4.o(.data)
    .data                                    0x20000098   Section       12  port.o(.data)
    ucMaxSysCallPriority                     0x20000098   Data           1  port.o(.data)
    uxCriticalNesting                        0x2000009c   Data           4  port.o(.data)
    ulMaxPRIGROUPValue                       0x200000a0   Data           4  port.o(.data)
    .data                                    0x200000a4   Section        4  stdout.o(.data)
    .data                                    0x200000a8   Section        4  errno.o(.data)
    _errno                                   0x200000a8   Data           4  errno.o(.data)
    .bss                                     0x200000ac   Section      256  wifi.o(.bss)
    g_wifi_rx_buffer                         0x200000ac   Data         256  wifi.o(.bss)
    .bss                                     0x200001ac   Section      596  freertos.o(.bss)
    xIdleTaskTCBBuffer                       0x200001ac   Data          84  freertos.o(.bss)
    xIdleStack                               0x20000200   Data         512  freertos.o(.bss)
    .bss                                     0x20000400   Section       72  adc.o(.bss)
    .bss                                     0x20000448   Section       84  i2c.o(.bss)
    .bss                                     0x2000049c   Section       88  spi.o(.bss)
    .bss                                     0x200004f4   Section      216  usart.o(.bss)
    .bss                                     0x200005cc   Section       72  stm32f4xx_hal_timebase_tim.o(.bss)
    .bss                                     0x20000614   Section      240  tasks.o(.bss)
    pxReadyTasksLists                        0x20000614   Data         140  tasks.o(.bss)
    xDelayedTaskList1                        0x200006a0   Data          20  tasks.o(.bss)
    xDelayedTaskList2                        0x200006b4   Data          20  tasks.o(.bss)
    xPendingReadyList                        0x200006c8   Data          20  tasks.o(.bss)
    xTasksWaitingTermination                 0x200006dc   Data          20  tasks.o(.bss)
    xSuspendedTaskList                       0x200006f0   Data          20  tasks.o(.bss)
    .bss                                     0x20000704   Section    15360  heap_4.o(.bss)
    ucHeap                                   0x20000704   Data       15360  heap_4.o(.bss)
    STACK                                    0x20004308   Section     1024  startup_stm32f405xx.o(STACK)

    Global Symbols

    Symbol Name                              Value     Ov Type        Size  Object(Section)

    BuildAttributes$$THM_ISAv4$E$P$D$K$B$S$7EM$VFPi3$EXTD16$VFPS$VFMA$PE$A:L22UL41UL21$X:L11$S22US41US21$IEEE1$IW$USESV6$~STKCKD$USESV7$~SHL$OSPACE$ROPI$EBA8$MICROLIB$REQ8$PRES8$EABIv2 0x00000000   Number         0  anon$$obj.o ABSOLUTE
    __ARM_use_no_argv                        0x00000000   Number         0  main.o ABSOLUTE
    _printf_a                                0x00000000   Number         0  stubs.o ABSOLUTE
    _printf_c                                0x00000000   Number         0  stubs.o ABSOLUTE
    _printf_charcount                        0x00000000   Number         0  stubs.o ABSOLUTE
    _printf_d                                0x00000000   Number         0  stubs.o ABSOLUTE
    _printf_e                                0x00000000   Number         0  stubs.o ABSOLUTE
    _printf_f                                0x00000000   Number         0  stubs.o ABSOLUTE
    _printf_flags                            0x00000000   Number         0  stubs.o ABSOLUTE
    _printf_fp_dec                           0x00000000   Number         0  stubs.o ABSOLUTE
    _printf_fp_hex                           0x00000000   Number         0  stubs.o ABSOLUTE
    _printf_g                                0x00000000   Number         0  stubs.o ABSOLUTE
    _printf_i                                0x00000000   Number         0  stubs.o ABSOLUTE
    _printf_int_dec                          0x00000000   Number         0  stubs.o ABSOLUTE
    _printf_l                                0x00000000   Number         0  stubs.o ABSOLUTE
    _printf_lc                               0x00000000   Number         0  stubs.o ABSOLUTE
    _printf_ll                               0x00000000   Number         0  stubs.o ABSOLUTE
    _printf_lld                              0x00000000   Number         0  stubs.o ABSOLUTE
    _printf_lli                              0x00000000   Number         0  stubs.o ABSOLUTE
    _printf_llo                              0x00000000   Number         0  stubs.o ABSOLUTE
    _printf_llu                              0x00000000   Number         0  stubs.o ABSOLUTE
    _printf_llx                              0x00000000   Number         0  stubs.o ABSOLUTE
    _printf_longlong_dec                     0x00000000   Number         0  stubs.o ABSOLUTE
    _printf_longlong_hex                     0x00000000   Number         0  stubs.o ABSOLUTE
    _printf_longlong_oct                     0x00000000   Number         0  stubs.o ABSOLUTE
    _printf_ls                               0x00000000   Number         0  stubs.o ABSOLUTE
    _printf_mbtowc                           0x00000000   Number         0  stubs.o ABSOLUTE
    _printf_n                                0x00000000   Number         0  stubs.o ABSOLUTE
    _printf_o                                0x00000000   Number         0  stubs.o ABSOLUTE
    _printf_p                                0x00000000   Number         0  stubs.o ABSOLUTE
    _printf_percent                          0x00000000   Number         0  stubs.o ABSOLUTE
    _printf_pre_padding                      0x00000000   Number         0  stubs.o ABSOLUTE
    _printf_return_value                     0x00000000   Number         0  stubs.o ABSOLUTE
    _printf_s                                0x00000000   Number         0  stubs.o ABSOLUTE
    _printf_sizespec                         0x00000000   Number         0  stubs.o ABSOLUTE
    _printf_str                              0x00000000   Number         0  stubs.o ABSOLUTE
    _printf_truncate_signed                  0x00000000   Number         0  stubs.o ABSOLUTE
    _printf_truncate_unsigned                0x00000000   Number         0  stubs.o ABSOLUTE
    _printf_u                                0x00000000   Number         0  stubs.o ABSOLUTE
    _printf_wc                               0x00000000   Number         0  stubs.o ABSOLUTE
    _printf_wctomb                           0x00000000   Number         0  stubs.o ABSOLUTE
    _printf_widthprec                        0x00000000   Number         0  stubs.o ABSOLUTE
    _printf_x                                0x00000000   Number         0  stubs.o ABSOLUTE
    __arm_fini_                               - Undefined Weak Reference
    __cpp_initialize__aeabi_                  - Undefined Weak Reference
    __cxa_finalize                            - Undefined Weak Reference
    __decompress                              - Undefined Weak Reference
    _clock_init                               - Undefined Weak Reference
    _microlib_exit                            - Undefined Weak Reference
    __Vectors_Size                           0x00000188   Number         0  startup_stm32f405xx.o ABSOLUTE
    __Vectors                                0x08000000   Data           4  startup_stm32f405xx.o(RESET)
    __Vectors_End                            0x08000188   Data           0  startup_stm32f405xx.o(RESET)
    __main                                   0x08000189   Thumb Code     0  entry.o(.ARM.Collect$$$$00000000)
    _main_stk                                0x08000189   Thumb Code     0  entry2.o(.ARM.Collect$$$$00000001)
    _main_scatterload                        0x0800018d   Thumb Code     0  entry5.o(.ARM.Collect$$$$00000004)
    __main_after_scatterload                 0x08000191   Thumb Code     0  entry5.o(.ARM.Collect$$$$00000004)
    _main_clock                              0x08000191   Thumb Code     0  entry7b.o(.ARM.Collect$$$$00000008)
    _main_cpp_init                           0x08000191   Thumb Code     0  entry8b.o(.ARM.Collect$$$$0000000A)
    _main_init                               0x08000191   Thumb Code     0  entry9a.o(.ARM.Collect$$$$0000000B)
    __rt_lib_shutdown_fini                   0x08000199   Thumb Code     0  entry12b.o(.ARM.Collect$$$$0000000E)
    __rt_final_cpp                           0x0800019d   Thumb Code     0  entry10a.o(.ARM.Collect$$$$0000000F)
    __rt_final_exit                          0x0800019d   Thumb Code     0  entry11a.o(.ARM.Collect$$$$00000011)
    SVC_Handler                              0x080001a1   Thumb Code    28  port.o(.emb_text)
    __asm___6_port_c_39a90d8d__prvStartFirstTask 0x080001c1   Thumb Code    36  port.o(.emb_text)
    __asm___6_port_c_39a90d8d__prvEnableVFP  0x080001e9   Thumb Code    16  port.o(.emb_text)
    PendSV_Handler                           0x080001fd   Thumb Code    88  port.o(.emb_text)
    vPortGetIPSR                             0x08000259   Thumb Code     6  port.o(.emb_text)
    Reset_Handler                            0x08000261   Thumb Code     8  startup_stm32f405xx.o(.text)
    ADC_IRQHandler                           0x0800027b   Thumb Code     0  startup_stm32f405xx.o(.text)
    CAN1_RX0_IRQHandler                      0x0800027b   Thumb Code     0  startup_stm32f405xx.o(.text)
    CAN1_RX1_IRQHandler                      0x0800027b   Thumb Code     0  startup_stm32f405xx.o(.text)
    CAN1_SCE_IRQHandler                      0x0800027b   Thumb Code     0  startup_stm32f405xx.o(.text)
    CAN1_TX_IRQHandler                       0x0800027b   Thumb Code     0  startup_stm32f405xx.o(.text)
    CAN2_RX0_IRQHandler                      0x0800027b   Thumb Code     0  startup_stm32f405xx.o(.text)
    CAN2_RX1_IRQHandler                      0x0800027b   Thumb Code     0  startup_stm32f405xx.o(.text)
    CAN2_SCE_IRQHandler                      0x0800027b   Thumb Code     0  startup_stm32f405xx.o(.text)
    CAN2_TX_IRQHandler                       0x0800027b   Thumb Code     0  startup_stm32f405xx.o(.text)
    DMA1_Stream0_IRQHandler                  0x0800027b   Thumb Code     0  startup_stm32f405xx.o(.text)
    DMA1_Stream1_IRQHandler                  0x0800027b   Thumb Code     0  startup_stm32f405xx.o(.text)
    DMA1_Stream2_IRQHandler                  0x0800027b   Thumb Code     0  startup_stm32f405xx.o(.text)
    DMA1_Stream3_IRQHandler                  0x0800027b   Thumb Code     0  startup_stm32f405xx.o(.text)
    DMA1_Stream4_IRQHandler                  0x0800027b   Thumb Code     0  startup_stm32f405xx.o(.text)
    DMA1_Stream5_IRQHandler                  0x0800027b   Thumb Code     0  startup_stm32f405xx.o(.text)
    DMA1_Stream6_IRQHandler                  0x0800027b   Thumb Code     0  startup_stm32f405xx.o(.text)
    DMA1_Stream7_IRQHandler                  0x0800027b   Thumb Code     0  startup_stm32f405xx.o(.text)
    DMA2_Stream0_IRQHandler                  0x0800027b   Thumb Code     0  startup_stm32f405xx.o(.text)
    DMA2_Stream1_IRQHandler                  0x0800027b   Thumb Code     0  startup_stm32f405xx.o(.text)
    DMA2_Stream2_IRQHandler                  0x0800027b   Thumb Code     0  startup_stm32f405xx.o(.text)
    DMA2_Stream3_IRQHandler                  0x0800027b   Thumb Code     0  startup_stm32f405xx.o(.text)
    DMA2_Stream4_IRQHandler                  0x0800027b   Thumb Code     0  startup_stm32f405xx.o(.text)
    DMA2_Stream5_IRQHandler                  0x0800027b   Thumb Code     0  startup_stm32f405xx.o(.text)
    DMA2_Stream6_IRQHandler                  0x0800027b   Thumb Code     0  startup_stm32f405xx.o(.text)
    DMA2_Stream7_IRQHandler                  0x0800027b   Thumb Code     0  startup_stm32f405xx.o(.text)
    EXTI0_IRQHandler                         0x0800027b   Thumb Code     0  startup_stm32f405xx.o(.text)
    EXTI15_10_IRQHandler                     0x0800027b   Thumb Code     0  startup_stm32f405xx.o(.text)
    EXTI1_IRQHandler                         0x0800027b   Thumb Code     0  startup_stm32f405xx.o(.text)
    EXTI2_IRQHandler                         0x0800027b   Thumb Code     0  startup_stm32f405xx.o(.text)
    EXTI3_IRQHandler                         0x0800027b   Thumb Code     0  startup_stm32f405xx.o(.text)
    EXTI4_IRQHandler                         0x0800027b   Thumb Code     0  startup_stm32f405xx.o(.text)
    FLASH_IRQHandler                         0x0800027b   Thumb Code     0  startup_stm32f405xx.o(.text)
    FMC_IRQHandler                           0x0800027b   Thumb Code     0  startup_stm32f405xx.o(.text)
    FPU_IRQHandler                           0x0800027b   Thumb Code     0  startup_stm32f405xx.o(.text)
    HASH_RNG_IRQHandler                      0x0800027b   Thumb Code     0  startup_stm32f405xx.o(.text)
    I2C1_ER_IRQHandler                       0x0800027b   Thumb Code     0  startup_stm32f405xx.o(.text)
    I2C1_EV_IRQHandler                       0x0800027b   Thumb Code     0  startup_stm32f405xx.o(.text)
    I2C2_ER_IRQHandler                       0x0800027b   Thumb Code     0  startup_stm32f405xx.o(.text)
    I2C2_EV_IRQHandler                       0x0800027b   Thumb Code     0  startup_stm32f405xx.o(.text)
    I2C3_ER_IRQHandler                       0x0800027b   Thumb Code     0  startup_stm32f405xx.o(.text)
    I2C3_EV_IRQHandler                       0x0800027b   Thumb Code     0  startup_stm32f405xx.o(.text)
    OTG_FS_IRQHandler                        0x0800027b   Thumb Code     0  startup_stm32f405xx.o(.text)
    OTG_FS_WKUP_IRQHandler                   0x0800027b   Thumb Code     0  startup_stm32f405xx.o(.text)
    OTG_HS_EP1_IN_IRQHandler                 0x0800027b   Thumb Code     0  startup_stm32f405xx.o(.text)
    OTG_HS_EP1_OUT_IRQHandler                0x0800027b   Thumb Code     0  startup_stm32f405xx.o(.text)
    OTG_HS_IRQHandler                        0x0800027b   Thumb Code     0  startup_stm32f405xx.o(.text)
    OTG_HS_WKUP_IRQHandler                   0x0800027b   Thumb Code     0  startup_stm32f405xx.o(.text)
    PVD_IRQHandler                           0x0800027b   Thumb Code     0  startup_stm32f405xx.o(.text)
    RCC_IRQHandler                           0x0800027b   Thumb Code     0  startup_stm32f405xx.o(.text)
    RTC_Alarm_IRQHandler                     0x0800027b   Thumb Code     0  startup_stm32f405xx.o(.text)
    RTC_WKUP_IRQHandler                      0x0800027b   Thumb Code     0  startup_stm32f405xx.o(.text)
    SDIO_IRQHandler                          0x0800027b   Thumb Code     0  startup_stm32f405xx.o(.text)
    SPI1_IRQHandler                          0x0800027b   Thumb Code     0  startup_stm32f405xx.o(.text)
    SPI2_IRQHandler                          0x0800027b   Thumb Code     0  startup_stm32f405xx.o(.text)
    SPI3_IRQHandler                          0x0800027b   Thumb Code     0  startup_stm32f405xx.o(.text)
    TAMP_STAMP_IRQHandler                    0x0800027b   Thumb Code     0  startup_stm32f405xx.o(.text)
    TIM1_BRK_TIM9_IRQHandler                 0x0800027b   Thumb Code     0  startup_stm32f405xx.o(.text)
    TIM1_CC_IRQHandler                       0x0800027b   Thumb Code     0  startup_stm32f405xx.o(.text)
    TIM1_TRG_COM_TIM11_IRQHandler            0x0800027b   Thumb Code     0  startup_stm32f405xx.o(.text)
    TIM1_UP_TIM10_IRQHandler                 0x0800027b   Thumb Code     0  startup_stm32f405xx.o(.text)
    TIM2_IRQHandler                          0x0800027b   Thumb Code     0  startup_stm32f405xx.o(.text)
    TIM3_IRQHandler                          0x0800027b   Thumb Code     0  startup_stm32f405xx.o(.text)
    TIM4_IRQHandler                          0x0800027b   Thumb Code     0  startup_stm32f405xx.o(.text)
    TIM5_IRQHandler                          0x0800027b   Thumb Code     0  startup_stm32f405xx.o(.text)
    TIM6_DAC_IRQHandler                      0x0800027b   Thumb Code     0  startup_stm32f405xx.o(.text)
    TIM7_IRQHandler                          0x0800027b   Thumb Code     0  startup_stm32f405xx.o(.text)
    TIM8_BRK_TIM12_IRQHandler                0x0800027b   Thumb Code     0  startup_stm32f405xx.o(.text)
    TIM8_CC_IRQHandler                       0x0800027b   Thumb Code     0  startup_stm32f405xx.o(.text)
    TIM8_UP_TIM13_IRQHandler                 0x0800027b   Thumb Code     0  startup_stm32f405xx.o(.text)
    UART4_IRQHandler                         0x0800027b   Thumb Code     0  startup_stm32f405xx.o(.text)
    UART5_IRQHandler                         0x0800027b   Thumb Code     0  startup_stm32f405xx.o(.text)
    USART1_IRQHandler                        0x0800027b   Thumb Code     0  startup_stm32f405xx.o(.text)
    USART2_IRQHandler                        0x0800027b   Thumb Code     0  startup_stm32f405xx.o(.text)
    USART6_IRQHandler                        0x0800027b   Thumb Code     0  startup_stm32f405xx.o(.text)
    WWDG_IRQHandler                          0x0800027b   Thumb Code     0  startup_stm32f405xx.o(.text)
    __aeabi_uldivmod                         0x08000285   Thumb Code    98  uldiv.o(.text)
    __aeabi_memcpy                           0x080002e7   Thumb Code    36  memcpya.o(.text)
    __aeabi_memcpy4                          0x080002e7   Thumb Code     0  memcpya.o(.text)
    __aeabi_memcpy8                          0x080002e7   Thumb Code     0  memcpya.o(.text)
    __aeabi_memset                           0x0800030b   Thumb Code    14  memseta.o(.text)
    __aeabi_memset4                          0x0800030b   Thumb Code     0  memseta.o(.text)
    __aeabi_memset8                          0x0800030b   Thumb Code     0  memseta.o(.text)
    __aeabi_memclr                           0x08000319   Thumb Code     4  memseta.o(.text)
    __aeabi_memclr4                          0x08000319   Thumb Code     0  memseta.o(.text)
    __aeabi_memclr8                          0x08000319   Thumb Code     0  memseta.o(.text)
    memset                                   0x0800031d   Thumb Code    18  memseta.o(.text)
    strstr                                   0x0800032f   Thumb Code    36  strstr.o(.text)
    strlen                                   0x08000353   Thumb Code    14  strlen.o(.text)
    atoi                                     0x08000361   Thumb Code    26  atoi.o(.text)
    __aeabi_llsl                             0x0800037b   Thumb Code    30  llshl.o(.text)
    _ll_shift_l                              0x0800037b   Thumb Code     0  llshl.o(.text)
    __aeabi_llsr                             0x08000399   Thumb Code    32  llushr.o(.text)
    _ll_ushift_r                             0x08000399   Thumb Code     0  llushr.o(.text)
    strtol                                   0x080003b9   Thumb Code   112  strtol.o(.text)
    __scatterload                            0x08000429   Thumb Code    28  init.o(.text)
    __scatterload_rt2                        0x08000429   Thumb Code     0  init.o(.text)
    __rt_ctype_table                         0x0800044d   Thumb Code     4  ctype_o.o(.text)
    _strtoul                                 0x08000455   Thumb Code   158  _strtoul.o(.text)
    _chval                                   0x080004f3   Thumb Code    28  _chval.o(.text)
    ADS1299_CS_High                          0x08000639   Thumb Code    28  ads1299.o(i.ADS1299_CS_High)
    ADS1299_CS_Low                           0x08000659   Thumb Code    24  ads1299.o(i.ADS1299_CS_Low)
    ADS1299_Init                             0x08000675   Thumb Code   382  ads1299.o(i.ADS1299_Init)
    ADS1299_ReadData                         0x08000a11   Thumb Code   102  ads1299.o(i.ADS1299_ReadData)
    ADS1299_ReadRegister                     0x08000a9d   Thumb Code    58  ads1299.o(i.ADS1299_ReadRegister)
    ADS1299_WriteCommand                     0x08000ad7   Thumb Code    26  ads1299.o(i.ADS1299_WriteCommand)
    ADS1299_WriteRegister                    0x08000af1   Thumb Code    42  ads1299.o(i.ADS1299_WriteRegister)
    BusFault_Handler                         0x08000b1b   Thumb Code     2  stm32f4xx_it.o(i.BusFault_Handler)
    DWT_Delay_Init                           0x08000b1d   Thumb Code    22  main.o(i.DWT_Delay_Init)
    DWT_Delay_us                             0x08000b3d   Thumb Code    34  main.o(i.DWT_Delay_us)
    DebugMon_Handler                         0x08000b6d   Thumb Code     2  stm32f4xx_it.o(i.DebugMon_Handler)
    EXTI9_5_IRQHandler                       0x08000b6f   Thumb Code     6  stm32f4xx_it.o(i.EXTI9_5_IRQHandler)
    Error_Handler                            0x08000b75   Thumb Code     4  main.o(i.Error_Handler)
    HAL_ADC_ConfigChannel                    0x08000b79   Thumb Code   316  stm32f4xx_hal_adc.o(i.HAL_ADC_ConfigChannel)
    HAL_ADC_Init                             0x08000cc5   Thumb Code    84  stm32f4xx_hal_adc.o(i.HAL_ADC_Init)
    HAL_ADC_MspInit                          0x08000d19   Thumb Code    84  adc.o(i.HAL_ADC_MspInit)
    HAL_DMA_Abort                            0x08000d79   Thumb Code   146  stm32f4xx_hal_dma.o(i.HAL_DMA_Abort)
    HAL_DMA_Abort_IT                         0x08000e0b   Thumb Code    36  stm32f4xx_hal_dma.o(i.HAL_DMA_Abort_IT)
    HAL_Delay                                0x08000e31   Thumb Code    32  stm32f4xx_hal.o(i.HAL_Delay)
    HAL_GPIO_EXTI_Callback                   0x08000e55   Thumb Code    28  freertos.o(i.HAL_GPIO_EXTI_Callback)
    HAL_GPIO_EXTI_IRQHandler                 0x08000e79   Thumb Code    18  stm32f4xx_hal_gpio.o(i.HAL_GPIO_EXTI_IRQHandler)
    HAL_GPIO_Init                            0x08000e91   Thumb Code   418  stm32f4xx_hal_gpio.o(i.HAL_GPIO_Init)
    HAL_GPIO_TogglePin                       0x08001061   Thumb Code    16  stm32f4xx_hal_gpio.o(i.HAL_GPIO_TogglePin)
    HAL_GPIO_WritePin                        0x08001071   Thumb Code    10  stm32f4xx_hal_gpio.o(i.HAL_GPIO_WritePin)
    HAL_GetTick                              0x0800107d   Thumb Code     6  stm32f4xx_hal.o(i.HAL_GetTick)
    HAL_I2C_Init                             0x08001089   Thumb Code   376  stm32f4xx_hal_i2c.o(i.HAL_I2C_Init)
    HAL_I2C_MspInit                          0x08001211   Thumb Code    92  i2c.o(i.HAL_I2C_MspInit)
    HAL_IncTick                              0x08001279   Thumb Code    12  stm32f4xx_hal.o(i.HAL_IncTick)
    HAL_Init                                 0x08001289   Thumb Code    48  stm32f4xx_hal.o(i.HAL_Init)
    HAL_InitTick                             0x080012bd   Thumb Code   132  stm32f4xx_hal_timebase_tim.o(i.HAL_InitTick)
    HAL_MspInit                              0x08001355   Thumb Code    52  stm32f4xx_hal_msp.o(i.HAL_MspInit)
    HAL_NVIC_EnableIRQ                       0x0800138d   Thumb Code    26  stm32f4xx_hal_cortex.o(i.HAL_NVIC_EnableIRQ)
    HAL_NVIC_SetPriority                     0x080013a9   Thumb Code    60  stm32f4xx_hal_cortex.o(i.HAL_NVIC_SetPriority)
    HAL_NVIC_SetPriorityGrouping             0x080013e9   Thumb Code    26  stm32f4xx_hal_cortex.o(i.HAL_NVIC_SetPriorityGrouping)
    HAL_RCC_ClockConfig                      0x0800140d   Thumb Code   288  stm32f4xx_hal_rcc.o(i.HAL_RCC_ClockConfig)
    HAL_RCC_GetClockConfig                   0x08001541   Thumb Code    54  stm32f4xx_hal_rcc.o(i.HAL_RCC_GetClockConfig)
    HAL_RCC_GetPCLK1Freq                     0x08001581   Thumb Code    20  stm32f4xx_hal_rcc.o(i.HAL_RCC_GetPCLK1Freq)
    HAL_RCC_GetPCLK2Freq                     0x080015a1   Thumb Code    20  stm32f4xx_hal_rcc.o(i.HAL_RCC_GetPCLK2Freq)
    HAL_RCC_GetSysClockFreq                  0x080015c1   Thumb Code    88  stm32f4xx_hal_rcc.o(i.HAL_RCC_GetSysClockFreq)
    HAL_RCC_OscConfig                        0x08001625   Thumb Code   836  stm32f4xx_hal_rcc.o(i.HAL_RCC_OscConfig)
    HAL_SPI_Init                             0x0800197d   Thumb Code   188  stm32f4xx_hal_spi.o(i.HAL_SPI_Init)
    HAL_SPI_MspInit                          0x08001a39   Thumb Code    94  spi.o(i.HAL_SPI_MspInit)
    HAL_SPI_Receive                          0x08001aa5   Thumb Code   342  stm32f4xx_hal_spi.o(i.HAL_SPI_Receive)
    HAL_SPI_Transmit                         0x08001bfb   Thumb Code   358  stm32f4xx_hal_spi.o(i.HAL_SPI_Transmit)
    HAL_SPI_TransmitReceive                  0x08001d61   Thumb Code   486  stm32f4xx_hal_spi.o(i.HAL_SPI_TransmitReceive)
    HAL_TIMEx_BreakCallback                  0x08001f47   Thumb Code     2  stm32f4xx_hal_tim_ex.o(i.HAL_TIMEx_BreakCallback)
    HAL_TIMEx_CommutCallback                 0x08001f49   Thumb Code     2  stm32f4xx_hal_tim_ex.o(i.HAL_TIMEx_CommutCallback)
    HAL_TIM_Base_Init                        0x08001f4b   Thumb Code    90  stm32f4xx_hal_tim.o(i.HAL_TIM_Base_Init)
    HAL_TIM_Base_MspInit                     0x08001fa5   Thumb Code     2  stm32f4xx_hal_tim.o(i.HAL_TIM_Base_MspInit)
    HAL_TIM_Base_Start_IT                    0x08001fa9   Thumb Code   100  stm32f4xx_hal_tim.o(i.HAL_TIM_Base_Start_IT)
    HAL_TIM_IC_CaptureCallback               0x08002029   Thumb Code     2  stm32f4xx_hal_tim.o(i.HAL_TIM_IC_CaptureCallback)
    HAL_TIM_IRQHandler                       0x0800202b   Thumb Code   304  stm32f4xx_hal_tim.o(i.HAL_TIM_IRQHandler)
    HAL_TIM_OC_DelayElapsedCallback          0x0800215b   Thumb Code     2  stm32f4xx_hal_tim.o(i.HAL_TIM_OC_DelayElapsedCallback)
    HAL_TIM_PWM_PulseFinishedCallback        0x0800215d   Thumb Code     2  stm32f4xx_hal_tim.o(i.HAL_TIM_PWM_PulseFinishedCallback)
    HAL_TIM_PeriodElapsedCallback            0x08002161   Thumb Code    14  main.o(i.HAL_TIM_PeriodElapsedCallback)
    HAL_TIM_TriggerCallback                  0x08002175   Thumb Code     2  stm32f4xx_hal_tim.o(i.HAL_TIM_TriggerCallback)
    HAL_UARTEx_RxEventCallback               0x08002177   Thumb Code     2  stm32f4xx_hal_uart.o(i.HAL_UARTEx_RxEventCallback)
    HAL_UART_ErrorCallback                   0x08002179   Thumb Code     2  stm32f4xx_hal_uart.o(i.HAL_UART_ErrorCallback)
    HAL_UART_IRQHandler                      0x0800217d   Thumb Code   636  stm32f4xx_hal_uart.o(i.HAL_UART_IRQHandler)
    HAL_UART_Init                            0x080023fd   Thumb Code   100  stm32f4xx_hal_uart.o(i.HAL_UART_Init)
    HAL_UART_MspInit                         0x08002461   Thumb Code   234  usart.o(i.HAL_UART_MspInit)
    HAL_UART_Receive_IT                      0x08002565   Thumb Code    28  stm32f4xx_hal_uart.o(i.HAL_UART_Receive_IT)
    HAL_UART_RxCpltCallback                  0x08002581   Thumb Code    14  stm32f4xx_it.o(i.HAL_UART_RxCpltCallback)
    HAL_UART_Transmit                        0x08002595   Thumb Code   160  stm32f4xx_hal_uart.o(i.HAL_UART_Transmit)
    HAL_UART_TxCpltCallback                  0x08002635   Thumb Code     2  stm32f4xx_hal_uart.o(i.HAL_UART_TxCpltCallback)
    HardFault_Handler                        0x08002637   Thumb Code     2  stm32f4xx_it.o(i.HardFault_Handler)
    MX_ADC1_Init                             0x08002639   Thumb Code    88  adc.o(i.MX_ADC1_Init)
    MX_FREERTOS_Init                         0x0800269d   Thumb Code   164  freertos.o(i.MX_FREERTOS_Init)
    MX_GPIO_Init                             0x08002749   Thumb Code   288  gpio.o(i.MX_GPIO_Init)
    MX_I2C1_Init                             0x0800287d   Thumb Code    50  i2c.o(i.MX_I2C1_Init)
    MX_SPI2_Init                             0x080028bd   Thumb Code    62  spi.o(i.MX_SPI2_Init)
    MX_USART1_UART_Init                      0x08002905   Thumb Code    48  usart.o(i.MX_USART1_UART_Init)
    MX_USART2_UART_Init                      0x0800293d   Thumb Code    48  usart.o(i.MX_USART2_UART_Init)
    MX_USART3_UART_Init                      0x08002975   Thumb Code    48  usart.o(i.MX_USART3_UART_Init)
    MemManage_Handler                        0x080029ad   Thumb Code     2  stm32f4xx_it.o(i.MemManage_Handler)
    NMI_Handler                              0x080029af   Thumb Code     2  stm32f4xx_it.o(i.NMI_Handler)
    StartDefaultTask                         0x08002b35   Thumb Code     8  freertos.o(i.StartDefaultTask)
    SysTick_Handler                          0x08002b3d   Thumb Code    38  port.o(i.SysTick_Handler)
    SystemClock_Config                       0x08002b69   Thumb Code   142  main.o(i.SystemClock_Config)
    SystemInit                               0x08002c01   Thumb Code    12  system_stm32f4xx.o(i.SystemInit)
    TIM8_TRG_COM_TIM14_IRQHandler            0x08002c11   Thumb Code     6  stm32f4xx_it.o(i.TIM8_TRG_COM_TIM14_IRQHandler)
    TIM_Base_SetConfig                       0x08002c1d   Thumb Code   164  stm32f4xx_hal_tim.o(i.TIM_Base_SetConfig)
    UART_Start_Receive_IT                    0x08002f19   Thumb Code    54  stm32f4xx_hal_uart.o(i.UART_Start_Receive_IT)
    USART3_IRQHandler                        0x08002fc1   Thumb Code     6  stm32f4xx_it.o(i.USART3_IRQHandler)
    UsageFault_Handler                       0x08002fcd   Thumb Code     2  stm32f4xx_it.o(i.UsageFault_Handler)
    Wifi_Connect_TCP_Server                  0x08002fd1   Thumb Code    74  wifi.o(i.Wifi_Connect_TCP_Server)
    Wifi_Enter_Transparent_Mode              0x080030ad   Thumb Code    36  wifi.o(i.Wifi_Enter_Transparent_Mode)
    Wifi_Init                                0x08003139   Thumb Code   240  wifi.o(i.Wifi_Init)
    Wifi_Rx_Callback                         0x08003445   Thumb Code    32  wifi.o(i.Wifi_Rx_Callback)
    Wifi_Send_Raw_Data                       0x08003471   Thumb Code    14  wifi.o(i.Wifi_Send_Raw_Data)
    __0printf$8                              0x08003485   Thumb Code    22  printf8.o(i.__0printf$8)
    __1printf$8                              0x08003485   Thumb Code     0  printf8.o(i.__0printf$8)
    __2printf                                0x08003485   Thumb Code     0  printf8.o(i.__0printf$8)
    __0sprintf$8                             0x080034a5   Thumb Code    34  printf8.o(i.__0sprintf$8)
    __1sprintf$8                             0x080034a5   Thumb Code     0  printf8.o(i.__0sprintf$8)
    __2sprintf                               0x080034a5   Thumb Code     0  printf8.o(i.__0sprintf$8)
    __aeabi_errno_addr                       0x080034ed   Thumb Code     4  errno.o(i.__aeabi_errno_addr)
    __rt_errno_addr                          0x080034ed   Thumb Code     0  errno.o(i.__aeabi_errno_addr)
    __scatterload_copy                       0x080034f5   Thumb Code    14  handlers.o(i.__scatterload_copy)
    __scatterload_null                       0x08003503   Thumb Code     2  handlers.o(i.__scatterload_null)
    __scatterload_zeroinit                   0x08003505   Thumb Code    14  handlers.o(i.__scatterload_zeroinit)
    ads1299Task                              0x08003975   Thumb Code    82  freertos.o(i.ads1299Task)
    fputc                                    0x08003a11   Thumb Code    18  usart.o(i.fputc)
    main                                     0x08003a35   Thumb Code    50  main.o(i.main)
    osDelay                                  0x08003a73   Thumb Code    14  cmsis_os.o(i.osDelay)
    osKernelStart                            0x08003a81   Thumb Code    10  cmsis_os.o(i.osKernelStart)
    osKernelSysTick                          0x08003a8b   Thumb Code    24  cmsis_os.o(i.osKernelSysTick)
    osMailAlloc                              0x08003aa3   Thumb Code    12  cmsis_os.o(i.osMailAlloc)
    osMailCreate                             0x08003aaf   Thumb Code    90  cmsis_os.o(i.osMailCreate)
    osMailFree                               0x08003b09   Thumb Code    12  cmsis_os.o(i.osMailFree)
    osMailGet                                0x08003b15   Thumb Code   140  cmsis_os.o(i.osMailGet)
    osMailPut                                0x08003ba5   Thumb Code    88  cmsis_os.o(i.osMailPut)
    osPoolAlloc                              0x08003c01   Thumb Code   106  cmsis_os.o(i.osPoolAlloc)
    osPoolCreate                             0x08003c6b   Thumb Code    94  cmsis_os.o(i.osPoolCreate)
    osPoolFree                               0x08003cc9   Thumb Code    48  cmsis_os.o(i.osPoolFree)
    osSemaphoreCreate                        0x08003cf9   Thumb Code    62  cmsis_os.o(i.osSemaphoreCreate)
    osSemaphoreRelease                       0x08003d39   Thumb Code    74  cmsis_os.o(i.osSemaphoreRelease)
    osSemaphoreWait                          0x08003d89   Thumb Code    96  cmsis_os.o(i.osSemaphoreWait)
    osThreadCreate                           0x08003ded   Thumb Code    84  cmsis_os.o(i.osThreadCreate)
    processDataTask                          0x08003e41   Thumb Code   102  freertos.o(i.processDataTask)
    pvPortMalloc                             0x08004379   Thumb Code   216  heap_4.o(i.pvPortMalloc)
    pvTaskIncrementMutexHeldCount            0x08004455   Thumb Code    18  tasks.o(i.pvTaskIncrementMutexHeldCount)
    pxPortInitialiseStack                    0x0800446d   Thumb Code    40  port.o(i.pxPortInitialiseStack)
    uxListRemove                             0x08004499   Thumb Code    38  list.o(i.uxListRemove)
    vApplicationGetIdleTaskMemory            0x080044c1   Thumb Code    16  freertos.o(i.vApplicationGetIdleTaskMemory)
    vListInitialise                          0x080044d5   Thumb Code    22  list.o(i.vListInitialise)
    vListInitialiseItem                      0x080044eb   Thumb Code     6  list.o(i.vListInitialiseItem)
    vListInsert                              0x080044f1   Thumb Code    48  list.o(i.vListInsert)
    vListInsertEnd                           0x08004521   Thumb Code    24  list.o(i.vListInsertEnd)
    vPortEnterCritical                       0x08004539   Thumb Code    54  port.o(i.vPortEnterCritical)
    vPortExitCritical                        0x08004579   Thumb Code    34  port.o(i.vPortExitCritical)
    vPortFree                                0x080045a1   Thumb Code    94  heap_4.o(i.vPortFree)
    vPortSetupTimerInterrupt                 0x08004605   Thumb Code    32  port.o(i.vPortSetupTimerInterrupt)
    vPortValidateInterruptPriority           0x08004629   Thumb Code    74  port.o(i.vPortValidateInterruptPriority)
    vTaskDelay                               0x0800467d   Thumb Code    66  tasks.o(i.vTaskDelay)
    vTaskInternalSetTimeOutState             0x080046c9   Thumb Code    12  tasks.o(i.vTaskInternalSetTimeOutState)
    vTaskMissedYield                         0x080046d9   Thumb Code     8  tasks.o(i.vTaskMissedYield)
    vTaskPlaceOnEventList                    0x080046e5   Thumb Code    44  tasks.o(i.vTaskPlaceOnEventList)
    vTaskPriorityDisinheritAfterTimeout      0x08004715   Thumb Code   154  tasks.o(i.vTaskPriorityDisinheritAfterTimeout)
    vTaskStartScheduler                      0x080047b9   Thumb Code    90  tasks.o(i.vTaskStartScheduler)
    vTaskSuspend                             0x08004825   Thumb Code   174  tasks.o(i.vTaskSuspend)
    vTaskSuspendAll                          0x080048e1   Thumb Code    10  tasks.o(i.vTaskSuspendAll)
    vTaskSwitchContext                       0x080048f1   Thumb Code    82  tasks.o(i.vTaskSwitchContext)
    wifiTask                                 0x0800494d   Thumb Code   122  freertos.o(i.wifiTask)
    xPortStartScheduler                      0x08004be9   Thumb Code   224  port.o(i.xPortStartScheduler)
    xQueueGenericCreate                      0x08004cdd   Thumb Code    66  queue.o(i.xQueueGenericCreate)
    xQueueGenericCreateStatic                0x08004d1f   Thumb Code   102  queue.o(i.xQueueGenericCreateStatic)
    xQueueGenericReset                       0x08004d85   Thumb Code   132  queue.o(i.xQueueGenericReset)
    xQueueGenericSend                        0x08004e0d   Thumb Code   350  queue.o(i.xQueueGenericSend)
    xQueueGenericSendFromISR                 0x08004f71   Thumb Code   190  queue.o(i.xQueueGenericSendFromISR)
    xQueueGiveFromISR                        0x0800502f   Thumb Code   156  queue.o(i.xQueueGiveFromISR)
    xQueueReceive                            0x080050cd   Thumb Code   308  queue.o(i.xQueueReceive)
    xQueueReceiveFromISR                     0x08005205   Thumb Code   154  queue.o(i.xQueueReceiveFromISR)
    xQueueSemaphoreTake                      0x080052a1   Thumb Code   372  queue.o(i.xQueueSemaphoreTake)
    xTaskCheckForTimeOut                     0x08005419   Thumb Code   112  tasks.o(i.xTaskCheckForTimeOut)
    xTaskCreate                              0x0800548d   Thumb Code    90  tasks.o(i.xTaskCreate)
    xTaskCreateStatic                        0x080054e7   Thumb Code    90  tasks.o(i.xTaskCreateStatic)
    xTaskGetSchedulerState                   0x08005541   Thumb Code    22  tasks.o(i.xTaskGetSchedulerState)
    xTaskGetTickCount                        0x0800555d   Thumb Code     6  tasks.o(i.xTaskGetTickCount)
    xTaskGetTickCountFromISR                 0x08005569   Thumb Code    12  tasks.o(i.xTaskGetTickCountFromISR)
    xTaskIncrementTick                       0x08005579   Thumb Code   194  tasks.o(i.xTaskIncrementTick)
    xTaskPriorityDisinherit                  0x08005645   Thumb Code   144  tasks.o(i.xTaskPriorityDisinherit)
    xTaskPriorityInherit                     0x080056dd   Thumb Code   132  tasks.o(i.xTaskPriorityInherit)
    xTaskRemoveFromEventList                 0x08005769   Thumb Code   108  tasks.o(i.xTaskRemoveFromEventList)
    xTaskResumeAll                           0x080057dd   Thumb Code   182  tasks.o(i.xTaskResumeAll)
    AHBPrescTable                            0x0800591c   Data          16  system_stm32f4xx.o(.constdata)
    APBPrescTable                            0x0800592c   Data           8  system_stm32f4xx.o(.constdata)
    __ctype_table                            0x08005934   Data         129  ctype_o.o(.constdata)
    Region$$Table$$Base                      0x08005a2c   Number         0  anon$$obj.o(Region$$Table)
    Region$$Table$$Limit                     0x08005a4c   Number         0  anon$$obj.o(Region$$Table)
    adsHandle                                0x20000000   Data           8  ads1299.o(.data)
    g_tcp_con_id                             0x2000000c   Data           1  freertos.o(.data)
    g_is_transparent_mode                    0x2000000d   Data           1  freertos.o(.data)
    ads1299DataQueueHandle                   0x20000010   Data           4  freertos.o(.data)
    ads1299Semaphore                         0x20000014   Data           4  freertos.o(.data)
    networkReadySemaphore                    0x20000018   Data           4  freertos.o(.data)
    defaultTaskHandle                        0x2000001c   Data           4  freertos.o(.data)
    wifiHandle                               0x20000020   Data           4  freertos.o(.data)
    ads1299Handle                            0x20000024   Data           4  freertos.o(.data)
    processTaskHandle                        0x20000028   Data           4  freertos.o(.data)
    uwTickFreq                               0x2000002c   Data           1  stm32f4xx_hal.o(.data)
    uwTickPrio                               0x20000030   Data           4  stm32f4xx_hal.o(.data)
    uwTick                                   0x20000034   Data           4  stm32f4xx_hal.o(.data)
    SystemCoreClock                          0x20000038   Data           4  system_stm32f4xx.o(.data)
    pxCurrentTCB                             0x2000003c   Data           4  tasks.o(.data)
    __stdout                                 0x200000a4   Data           4  stdout.o(.data)
    hadc1                                    0x20000400   Data          72  adc.o(.bss)
    hi2c1                                    0x20000448   Data          84  i2c.o(.bss)
    hspi2                                    0x2000049c   Data          88  spi.o(.bss)
    huart1                                   0x200004f4   Data          72  usart.o(.bss)
    huart2                                   0x2000053c   Data          72  usart.o(.bss)
    huart3                                   0x20000584   Data          72  usart.o(.bss)
    htim14                                   0x200005cc   Data          72  stm32f4xx_hal_timebase_tim.o(.bss)
    __initial_sp                             0x20004708   Data           0  startup_stm32f405xx.o(STACK)



==============================================================================

Memory Map of the image

  Image Entry point : 0x08000189

  Load Region LR_IROM1 (Base: 0x08000000, Size: 0x00005af8, Max: 0x00100000, ABSOLUTE)

    Execution Region ER_IROM1 (Exec base: 0x08000000, Load base: 0x08000000, Size: 0x00005a4c, Max: 0x00100000, ABSOLUTE)

    Exec Addr    Load Addr    Size         Type   Attr      Idx    E Section Name        Object

    0x08000000   0x08000000   0x00000188   Data   RO            3    RESET               startup_stm32f405xx.o
    0x08000188   0x08000188   0x00000000   Code   RO         5863  * .ARM.Collect$$$$00000000  mc_w.l(entry.o)
    0x08000188   0x08000188   0x00000004   Code   RO         6143    .ARM.Collect$$$$00000001  mc_w.l(entry2.o)
    0x0800018c   0x0800018c   0x00000004   Code   RO         6146    .ARM.Collect$$$$00000004  mc_w.l(entry5.o)
    0x08000190   0x08000190   0x00000000   Code   RO         6148    .ARM.Collect$$$$00000008  mc_w.l(entry7b.o)
    0x08000190   0x08000190   0x00000000   Code   RO         6150    .ARM.Collect$$$$0000000A  mc_w.l(entry8b.o)
    0x08000190   0x08000190   0x00000008   Code   RO         6151    .ARM.Collect$$$$0000000B  mc_w.l(entry9a.o)
    0x08000198   0x08000198   0x00000004   Code   RO         6158    .ARM.Collect$$$$0000000E  mc_w.l(entry12b.o)
    0x0800019c   0x0800019c   0x00000000   Code   RO         6153    .ARM.Collect$$$$0000000F  mc_w.l(entry10a.o)
    0x0800019c   0x0800019c   0x00000000   Code   RO         6155    .ARM.Collect$$$$00000011  mc_w.l(entry11a.o)
    0x0800019c   0x0800019c   0x00000004   Code   RO         6144    .ARM.Collect$$$$00002712  mc_w.l(entry2.o)
    0x080001a0   0x080001a0   0x000000be   Code   RO         5786    .emb_text           port.o
    0x0800025e   0x0800025e   0x00000002   PAD
    0x08000260   0x08000260   0x00000024   Code   RO            4    .text               startup_stm32f405xx.o
    0x08000284   0x08000284   0x00000062   Code   RO         5866    .text               mc_w.l(uldiv.o)
    0x080002e6   0x080002e6   0x00000024   Code   RO         5868    .text               mc_w.l(memcpya.o)
    0x0800030a   0x0800030a   0x00000024   Code   RO         5872    .text               mc_w.l(memseta.o)
    0x0800032e   0x0800032e   0x00000024   Code   RO         5874    .text               mc_w.l(strstr.o)
    0x08000352   0x08000352   0x0000000e   Code   RO         5876    .text               mc_w.l(strlen.o)
    0x08000360   0x08000360   0x0000001a   Code   RO         6141    .text               mc_w.l(atoi.o)
    0x0800037a   0x0800037a   0x0000001e   Code   RO         6162    .text               mc_w.l(llshl.o)
    0x08000398   0x08000398   0x00000020   Code   RO         6164    .text               mc_w.l(llushr.o)
    0x080003b8   0x080003b8   0x00000070   Code   RO         6173    .text               mc_w.l(strtol.o)
    0x08000428   0x08000428   0x00000024   Code   RO         6186    .text               mc_w.l(init.o)
    0x0800044c   0x0800044c   0x00000008   Code   RO         6190    .text               mc_w.l(ctype_o.o)
    0x08000454   0x08000454   0x0000009e   Code   RO         6218    .text               mc_w.l(_strtoul.o)
    0x080004f2   0x080004f2   0x0000001c   Code   RO         6222    .text               mc_w.l(_chval.o)
    0x0800050e   0x0800050e   0x00000002   PAD
    0x08000510   0x08000510   0x00000128   Code   RO         1962    i.ADC_Init          stm32f4xx_hal_adc.o
    0x08000638   0x08000638   0x00000020   Code   RO           13    i.ADS1299_CS_High   ads1299.o
    0x08000658   0x08000658   0x0000001c   Code   RO           14    i.ADS1299_CS_Low    ads1299.o
    0x08000674   0x08000674   0x0000039c   Code   RO           15    i.ADS1299_Init      ads1299.o
    0x08000a10   0x08000a10   0x0000008c   Code   RO           16    i.ADS1299_ReadData  ads1299.o
    0x08000a9c   0x08000a9c   0x0000003a   Code   RO           17    i.ADS1299_ReadRegister  ads1299.o
    0x08000ad6   0x08000ad6   0x0000001a   Code   RO           18    i.ADS1299_WriteCommand  ads1299.o
    0x08000af0   0x08000af0   0x0000002a   Code   RO           19    i.ADS1299_WriteRegister  ads1299.o
    0x08000b1a   0x08000b1a   0x00000002   Code   RO          841    i.BusFault_Handler  stm32f4xx_it.o
    0x08000b1c   0x08000b1c   0x00000020   Code   RO          320    i.DWT_Delay_Init    main.o
    0x08000b3c   0x08000b3c   0x00000030   Code   RO          321    i.DWT_Delay_us      main.o
    0x08000b6c   0x08000b6c   0x00000002   Code   RO          842    i.DebugMon_Handler  stm32f4xx_it.o
    0x08000b6e   0x08000b6e   0x00000006   Code   RO          843    i.EXTI9_5_IRQHandler  stm32f4xx_it.o
    0x08000b74   0x08000b74   0x00000004   Code   RO          322    i.Error_Handler     main.o
    0x08000b78   0x08000b78   0x0000014c   Code   RO         1964    i.HAL_ADC_ConfigChannel  stm32f4xx_hal_adc.o
    0x08000cc4   0x08000cc4   0x00000054   Code   RO         1973    i.HAL_ADC_Init      stm32f4xx_hal_adc.o
    0x08000d18   0x08000d18   0x00000060   Code   RO          653    i.HAL_ADC_MspInit   adc.o
    0x08000d78   0x08000d78   0x00000092   Code   RO         2699    i.HAL_DMA_Abort     stm32f4xx_hal_dma.o
    0x08000e0a   0x08000e0a   0x00000024   Code   RO         2700    i.HAL_DMA_Abort_IT  stm32f4xx_hal_dma.o
    0x08000e2e   0x08000e2e   0x00000002   PAD
    0x08000e30   0x08000e30   0x00000024   Code   RO         3136    i.HAL_Delay         stm32f4xx_hal.o
    0x08000e54   0x08000e54   0x00000024   Code   RO          566    i.HAL_GPIO_EXTI_Callback  freertos.o
    0x08000e78   0x08000e78   0x00000018   Code   RO         2591    i.HAL_GPIO_EXTI_IRQHandler  stm32f4xx_hal_gpio.o
    0x08000e90   0x08000e90   0x000001d0   Code   RO         2592    i.HAL_GPIO_Init     stm32f4xx_hal_gpio.o
    0x08001060   0x08001060   0x00000010   Code   RO         2595    i.HAL_GPIO_TogglePin  stm32f4xx_hal_gpio.o
    0x08001070   0x08001070   0x0000000a   Code   RO         2596    i.HAL_GPIO_WritePin  stm32f4xx_hal_gpio.o
    0x0800107a   0x0800107a   0x00000002   PAD
    0x0800107c   0x0800107c   0x0000000c   Code   RO         3142    i.HAL_GetTick       stm32f4xx_hal.o
    0x08001088   0x08001088   0x00000188   Code   RO         3398    i.HAL_I2C_Init      stm32f4xx_hal_i2c.o
    0x08001210   0x08001210   0x00000068   Code   RO          695    i.HAL_I2C_MspInit   i2c.o
    0x08001278   0x08001278   0x00000010   Code   RO         3148    i.HAL_IncTick       stm32f4xx_hal.o
    0x08001288   0x08001288   0x00000034   Code   RO         3149    i.HAL_Init          stm32f4xx_hal.o
    0x080012bc   0x080012bc   0x00000098   Code   RO          947    i.HAL_InitTick      stm32f4xx_hal_timebase_tim.o
    0x08001354   0x08001354   0x00000038   Code   RO          923    i.HAL_MspInit       stm32f4xx_hal_msp.o
    0x0800138c   0x0800138c   0x0000001a   Code   RO         2984    i.HAL_NVIC_EnableIRQ  stm32f4xx_hal_cortex.o
    0x080013a6   0x080013a6   0x00000002   PAD
    0x080013a8   0x080013a8   0x00000040   Code   RO         2990    i.HAL_NVIC_SetPriority  stm32f4xx_hal_cortex.o
    0x080013e8   0x080013e8   0x00000024   Code   RO         2991    i.HAL_NVIC_SetPriorityGrouping  stm32f4xx_hal_cortex.o
    0x0800140c   0x0800140c   0x00000134   Code   RO         2238    i.HAL_RCC_ClockConfig  stm32f4xx_hal_rcc.o
    0x08001540   0x08001540   0x00000040   Code   RO         2242    i.HAL_RCC_GetClockConfig  stm32f4xx_hal_rcc.o
    0x08001580   0x08001580   0x00000020   Code   RO         2245    i.HAL_RCC_GetPCLK1Freq  stm32f4xx_hal_rcc.o
    0x080015a0   0x080015a0   0x00000020   Code   RO         2246    i.HAL_RCC_GetPCLK2Freq  stm32f4xx_hal_rcc.o
    0x080015c0   0x080015c0   0x00000064   Code   RO         2247    i.HAL_RCC_GetSysClockFreq  stm32f4xx_hal_rcc.o
    0x08001624   0x08001624   0x00000358   Code   RO         2250    i.HAL_RCC_OscConfig  stm32f4xx_hal_rcc.o
    0x0800197c   0x0800197c   0x000000bc   Code   RO         3853    i.HAL_SPI_Init      stm32f4xx_hal_spi.o
    0x08001a38   0x08001a38   0x0000006c   Code   RO          737    i.HAL_SPI_MspInit   spi.o
    0x08001aa4   0x08001aa4   0x00000156   Code   RO         3856    i.HAL_SPI_Receive   stm32f4xx_hal_spi.o
    0x08001bfa   0x08001bfa   0x00000166   Code   RO         3861    i.HAL_SPI_Transmit  stm32f4xx_hal_spi.o
    0x08001d60   0x08001d60   0x000001e6   Code   RO         3862    i.HAL_SPI_TransmitReceive  stm32f4xx_hal_spi.o
    0x08001f46   0x08001f46   0x00000002   Code   RO         1692    i.HAL_TIMEx_BreakCallback  stm32f4xx_hal_tim_ex.o
    0x08001f48   0x08001f48   0x00000002   Code   RO         1693    i.HAL_TIMEx_CommutCallback  stm32f4xx_hal_tim_ex.o
    0x08001f4a   0x08001f4a   0x0000005a   Code   RO          988    i.HAL_TIM_Base_Init  stm32f4xx_hal_tim.o
    0x08001fa4   0x08001fa4   0x00000002   Code   RO          990    i.HAL_TIM_Base_MspInit  stm32f4xx_hal_tim.o
    0x08001fa6   0x08001fa6   0x00000002   PAD
    0x08001fa8   0x08001fa8   0x00000080   Code   RO          993    i.HAL_TIM_Base_Start_IT  stm32f4xx_hal_tim.o
    0x08002028   0x08002028   0x00000002   Code   RO         1022    i.HAL_TIM_IC_CaptureCallback  stm32f4xx_hal_tim.o
    0x0800202a   0x0800202a   0x00000130   Code   RO         1036    i.HAL_TIM_IRQHandler  stm32f4xx_hal_tim.o
    0x0800215a   0x0800215a   0x00000002   Code   RO         1039    i.HAL_TIM_OC_DelayElapsedCallback  stm32f4xx_hal_tim.o
    0x0800215c   0x0800215c   0x00000002   Code   RO         1066    i.HAL_TIM_PWM_PulseFinishedCallback  stm32f4xx_hal_tim.o
    0x0800215e   0x0800215e   0x00000002   PAD
    0x08002160   0x08002160   0x00000014   Code   RO          323    i.HAL_TIM_PeriodElapsedCallback  main.o
    0x08002174   0x08002174   0x00000002   Code   RO         1079    i.HAL_TIM_TriggerCallback  stm32f4xx_hal_tim.o
    0x08002176   0x08002176   0x00000002   Code   RO         4176    i.HAL_UARTEx_RxEventCallback  stm32f4xx_hal_uart.o
    0x08002178   0x08002178   0x00000002   Code   RO         4190    i.HAL_UART_ErrorCallback  stm32f4xx_hal_uart.o
    0x0800217a   0x0800217a   0x00000002   PAD
    0x0800217c   0x0800217c   0x00000280   Code   RO         4193    i.HAL_UART_IRQHandler  stm32f4xx_hal_uart.o
    0x080023fc   0x080023fc   0x00000064   Code   RO         4194    i.HAL_UART_Init     stm32f4xx_hal_uart.o
    0x08002460   0x08002460   0x00000104   Code   RO          779    i.HAL_UART_MspInit  usart.o
    0x08002564   0x08002564   0x0000001c   Code   RO         4199    i.HAL_UART_Receive_IT  stm32f4xx_hal_uart.o
    0x08002580   0x08002580   0x00000014   Code   RO          844    i.HAL_UART_RxCpltCallback  stm32f4xx_it.o
    0x08002594   0x08002594   0x000000a0   Code   RO         4202    i.HAL_UART_Transmit  stm32f4xx_hal_uart.o
    0x08002634   0x08002634   0x00000002   Code   RO         4205    i.HAL_UART_TxCpltCallback  stm32f4xx_hal_uart.o
    0x08002636   0x08002636   0x00000002   Code   RO          845    i.HardFault_Handler  stm32f4xx_it.o
    0x08002638   0x08002638   0x00000064   Code   RO          654    i.MX_ADC1_Init      adc.o
    0x0800269c   0x0800269c   0x000000ac   Code   RO          567    i.MX_FREERTOS_Init  freertos.o
    0x08002748   0x08002748   0x00000134   Code   RO          542    i.MX_GPIO_Init      gpio.o
    0x0800287c   0x0800287c   0x00000040   Code   RO          696    i.MX_I2C1_Init      i2c.o
    0x080028bc   0x080028bc   0x00000048   Code   RO          738    i.MX_SPI2_Init      spi.o
    0x08002904   0x08002904   0x00000038   Code   RO          780    i.MX_USART1_UART_Init  usart.o
    0x0800293c   0x0800293c   0x00000038   Code   RO          781    i.MX_USART2_UART_Init  usart.o
    0x08002974   0x08002974   0x00000038   Code   RO          782    i.MX_USART3_UART_Init  usart.o
    0x080029ac   0x080029ac   0x00000002   Code   RO          846    i.MemManage_Handler  stm32f4xx_it.o
    0x080029ae   0x080029ae   0x00000002   Code   RO          847    i.NMI_Handler       stm32f4xx_it.o
    0x080029b0   0x080029b0   0x0000005c   Code   RO         3890    i.SPI_EndRxTransaction  stm32f4xx_hal_spi.o
    0x08002a0c   0x08002a0c   0x0000006c   Code   RO         3891    i.SPI_EndRxTxTransaction  stm32f4xx_hal_spi.o
    0x08002a78   0x08002a78   0x000000bc   Code   RO         3896    i.SPI_WaitFlagStateUntilTimeout  stm32f4xx_hal_spi.o
    0x08002b34   0x08002b34   0x00000008   Code   RO          568    i.StartDefaultTask  freertos.o
    0x08002b3c   0x08002b3c   0x0000002c   Code   RO         5787    i.SysTick_Handler   port.o
    0x08002b68   0x08002b68   0x00000098   Code   RO          324    i.SystemClock_Config  main.o
    0x08002c00   0x08002c00   0x00000010   Code   RO         4528    i.SystemInit        system_stm32f4xx.o
    0x08002c10   0x08002c10   0x0000000c   Code   RO          848    i.TIM8_TRG_COM_TIM14_IRQHandler  stm32f4xx_it.o
    0x08002c1c   0x08002c1c   0x000000d0   Code   RO         1081    i.TIM_Base_SetConfig  stm32f4xx_hal_tim.o
    0x08002cec   0x08002cec   0x0000000e   Code   RO         4207    i.UART_DMAAbortOnError  stm32f4xx_hal_uart.o
    0x08002cfa   0x08002cfa   0x0000004e   Code   RO         4217    i.UART_EndRxTransfer  stm32f4xx_hal_uart.o
    0x08002d48   0x08002d48   0x000000c2   Code   RO         4219    i.UART_Receive_IT   stm32f4xx_hal_uart.o
    0x08002e0a   0x08002e0a   0x00000002   PAD
    0x08002e0c   0x08002e0c   0x0000010c   Code   RO         4220    i.UART_SetConfig    stm32f4xx_hal_uart.o
    0x08002f18   0x08002f18   0x00000036   Code   RO         4222    i.UART_Start_Receive_IT  stm32f4xx_hal_uart.o
    0x08002f4e   0x08002f4e   0x00000070   Code   RO         4223    i.UART_WaitOnFlagUntilTimeout  stm32f4xx_hal_uart.o
    0x08002fbe   0x08002fbe   0x00000002   PAD
    0x08002fc0   0x08002fc0   0x0000000c   Code   RO          849    i.USART3_IRQHandler  stm32f4xx_it.o
    0x08002fcc   0x08002fcc   0x00000002   Code   RO          850    i.UsageFault_Handler  stm32f4xx_it.o
    0x08002fce   0x08002fce   0x00000002   PAD
    0x08002fd0   0x08002fd0   0x000000dc   Code   RO          241    i.Wifi_Connect_TCP_Server  wifi.o
    0x080030ac   0x080030ac   0x0000008c   Code   RO          242    i.Wifi_Enter_Transparent_Mode  wifi.o
    0x08003138   0x08003138   0x0000030c   Code   RO          243    i.Wifi_Init         wifi.o
    0x08003444   0x08003444   0x0000002c   Code   RO          244    i.Wifi_Rx_Callback  wifi.o
    0x08003470   0x08003470   0x00000014   Code   RO          246    i.Wifi_Send_Raw_Data  wifi.o
    0x08003484   0x08003484   0x00000020   Code   RO         6087    i.__0printf$8       mc_w.l(printf8.o)
    0x080034a4   0x080034a4   0x00000028   Code   RO         6089    i.__0sprintf$8      mc_w.l(printf8.o)
    0x080034cc   0x080034cc   0x00000020   Code   RO         2997    i.__NVIC_SetPriority  stm32f4xx_hal_cortex.o
    0x080034ec   0x080034ec   0x00000008   Code   RO         6166    i.__aeabi_errno_addr  mc_w.l(errno.o)
    0x080034f4   0x080034f4   0x0000000e   Code   RO         6226    i.__scatterload_copy  mc_w.l(handlers.o)
    0x08003502   0x08003502   0x00000002   Code   RO         6227    i.__scatterload_null  mc_w.l(handlers.o)
    0x08003504   0x08003504   0x0000000e   Code   RO         6228    i.__scatterload_zeroinit  mc_w.l(handlers.o)
    0x08003512   0x08003512   0x00000002   PAD
    0x08003514   0x08003514   0x00000404   Code   RO         6094    i._printf_core      mc_w.l(printf8.o)
    0x08003918   0x08003918   0x00000024   Code   RO         6095    i._printf_post_padding  mc_w.l(printf8.o)
    0x0800393c   0x0800393c   0x0000002e   Code   RO         6096    i._printf_pre_padding  mc_w.l(printf8.o)
    0x0800396a   0x0800396a   0x0000000a   Code   RO         6098    i._sputc            mc_w.l(printf8.o)
    0x08003974   0x08003974   0x0000009c   Code   RO          569    i.ads1299Task       freertos.o
    0x08003a10   0x08003a10   0x00000018   Code   RO          783    i.fputc             usart.o
    0x08003a28   0x08003a28   0x0000000c   Code   RO         5350    i.inHandlerMode     cmsis_os.o
    0x08003a34   0x08003a34   0x00000032   Code   RO          325    i.main              main.o
    0x08003a66   0x08003a66   0x0000000c   Code   RO         5352    i.makeFreeRtosPriority  cmsis_os.o
    0x08003a72   0x08003a72   0x0000000e   Code   RO         5354    i.osDelay           cmsis_os.o
    0x08003a80   0x08003a80   0x0000000a   Code   RO         5357    i.osKernelStart     cmsis_os.o
    0x08003a8a   0x08003a8a   0x00000018   Code   RO         5358    i.osKernelSysTick   cmsis_os.o
    0x08003aa2   0x08003aa2   0x0000000c   Code   RO         5359    i.osMailAlloc       cmsis_os.o
    0x08003aae   0x08003aae   0x0000005a   Code   RO         5361    i.osMailCreate      cmsis_os.o
    0x08003b08   0x08003b08   0x0000000c   Code   RO         5362    i.osMailFree        cmsis_os.o
    0x08003b14   0x08003b14   0x00000090   Code   RO         5363    i.osMailGet         cmsis_os.o
    0x08003ba4   0x08003ba4   0x0000005c   Code   RO         5364    i.osMailPut         cmsis_os.o
    0x08003c00   0x08003c00   0x0000006a   Code   RO         5376    i.osPoolAlloc       cmsis_os.o
    0x08003c6a   0x08003c6a   0x0000005e   Code   RO         5378    i.osPoolCreate      cmsis_os.o
    0x08003cc8   0x08003cc8   0x00000030   Code   RO         5379    i.osPoolFree        cmsis_os.o
    0x08003cf8   0x08003cf8   0x0000003e   Code   RO         5383    i.osSemaphoreCreate  cmsis_os.o
    0x08003d36   0x08003d36   0x00000002   PAD
    0x08003d38   0x08003d38   0x00000050   Code   RO         5386    i.osSemaphoreRelease  cmsis_os.o
    0x08003d88   0x08003d88   0x00000064   Code   RO         5387    i.osSemaphoreWait   cmsis_os.o
    0x08003dec   0x08003dec   0x00000054   Code   RO         5391    i.osThreadCreate    cmsis_os.o
    0x08003e40   0x08003e40   0x000000bc   Code   RO          570    i.processDataTask   freertos.o
    0x08003efc   0x08003efc   0x00000070   Code   RO         5034    i.prvAddCurrentTaskToDelayedList  tasks.o
    0x08003f6c   0x08003f6c   0x000000d0   Code   RO         5035    i.prvAddNewTaskToReadyList  tasks.o
    0x0800403c   0x0800403c   0x00000026   Code   RO         4710    i.prvCopyDataFromQueue  queue.o
    0x08004062   0x08004062   0x0000006c   Code   RO         4711    i.prvCopyDataToQueue  queue.o
    0x080040ce   0x080040ce   0x00000034   Code   RO         5036    i.prvDeleteTCB      tasks.o
    0x08004102   0x08004102   0x00000002   PAD
    0x08004104   0x08004104   0x0000004c   Code   RO         5719    i.prvHeapInit       heap_4.o
    0x08004150   0x08004150   0x0000005c   Code   RO         5037    i.prvIdleTask       tasks.o
    0x080041ac   0x080041ac   0x00000016   Code   RO         4713    i.prvInitialiseNewQueue  queue.o
    0x080041c2   0x080041c2   0x00000098   Code   RO         5038    i.prvInitialiseNewTask  tasks.o
    0x0800425a   0x0800425a   0x00000002   PAD
    0x0800425c   0x0800425c   0x0000004c   Code   RO         5720    i.prvInsertBlockIntoFreeList  heap_4.o
    0x080042a8   0x080042a8   0x0000001a   Code   RO         4714    i.prvIsQueueEmpty   queue.o
    0x080042c2   0x080042c2   0x00000002   PAD
    0x080042c4   0x080042c4   0x00000020   Code   RO         5039    i.prvResetNextTaskUnblockTime  tasks.o
    0x080042e4   0x080042e4   0x00000028   Code   RO         5788    i.prvTaskExitError  port.o
    0x0800430c   0x0800430c   0x0000006a   Code   RO         4715    i.prvUnlockQueue    queue.o
    0x08004376   0x08004376   0x00000002   PAD
    0x08004378   0x08004378   0x000000dc   Code   RO         5721    i.pvPortMalloc      heap_4.o
    0x08004454   0x08004454   0x00000018   Code   RO         5041    i.pvTaskIncrementMutexHeldCount  tasks.o
    0x0800446c   0x0800446c   0x0000002c   Code   RO         5789    i.pxPortInitialiseStack  port.o
    0x08004498   0x08004498   0x00000026   Code   RO         4670    i.uxListRemove      list.o
    0x080044be   0x080044be   0x00000002   PAD
    0x080044c0   0x080044c0   0x00000014   Code   RO          571    i.vApplicationGetIdleTaskMemory  freertos.o
    0x080044d4   0x080044d4   0x00000016   Code   RO         4671    i.vListInitialise   list.o
    0x080044ea   0x080044ea   0x00000006   Code   RO         4672    i.vListInitialiseItem  list.o
    0x080044f0   0x080044f0   0x00000030   Code   RO         4673    i.vListInsert       list.o
    0x08004520   0x08004520   0x00000018   Code   RO         4674    i.vListInsertEnd    list.o
    0x08004538   0x08004538   0x00000040   Code   RO         5791    i.vPortEnterCritical  port.o
    0x08004578   0x08004578   0x00000028   Code   RO         5792    i.vPortExitCritical  port.o
    0x080045a0   0x080045a0   0x00000064   Code   RO         5722    i.vPortFree         heap_4.o
    0x08004604   0x08004604   0x00000024   Code   RO         5793    i.vPortSetupTimerInterrupt  port.o
    0x08004628   0x08004628   0x00000054   Code   RO         5794    i.vPortValidateInterruptPriority  port.o
    0x0800467c   0x0800467c   0x0000004c   Code   RO         5048    i.vTaskDelay        tasks.o
    0x080046c8   0x080046c8   0x00000010   Code   RO         5051    i.vTaskInternalSetTimeOutState  tasks.o
    0x080046d8   0x080046d8   0x0000000c   Code   RO         5052    i.vTaskMissedYield  tasks.o
    0x080046e4   0x080046e4   0x00000030   Code   RO         5054    i.vTaskPlaceOnEventList  tasks.o
    0x08004714   0x08004714   0x000000a4   Code   RO         5056    i.vTaskPriorityDisinheritAfterTimeout  tasks.o
    0x080047b8   0x080047b8   0x0000006c   Code   RO         5061    i.vTaskStartScheduler  tasks.o
    0x08004824   0x08004824   0x000000bc   Code   RO         5062    i.vTaskSuspend      tasks.o
    0x080048e0   0x080048e0   0x00000010   Code   RO         5063    i.vTaskSuspendAll   tasks.o
    0x080048f0   0x080048f0   0x0000005c   Code   RO         5064    i.vTaskSwitchContext  tasks.o
    0x0800494c   0x0800494c   0x00000140   Code   RO          572    i.wifiTask          freertos.o
    0x08004a8c   0x08004a8c   0x0000001c   Code   RO          247    i.wifi_rx_buffer_clear  wifi.o
    0x08004aa8   0x08004aa8   0x00000140   Code   RO          248    i.wifi_send_command  wifi.o
    0x08004be8   0x08004be8   0x000000f4   Code   RO         5795    i.xPortStartScheduler  port.o
    0x08004cdc   0x08004cdc   0x00000042   Code   RO         4724    i.xQueueGenericCreate  queue.o
    0x08004d1e   0x08004d1e   0x00000066   Code   RO         4725    i.xQueueGenericCreateStatic  queue.o
    0x08004d84   0x08004d84   0x00000088   Code   RO         4726    i.xQueueGenericReset  queue.o
    0x08004e0c   0x08004e0c   0x00000164   Code   RO         4727    i.xQueueGenericSend  queue.o
    0x08004f70   0x08004f70   0x000000be   Code   RO         4728    i.xQueueGenericSendFromISR  queue.o
    0x0800502e   0x0800502e   0x0000009c   Code   RO         4729    i.xQueueGiveFromISR  queue.o
    0x080050ca   0x080050ca   0x00000002   PAD
    0x080050cc   0x080050cc   0x00000138   Code   RO         4734    i.xQueueReceive     queue.o
    0x08005204   0x08005204   0x0000009a   Code   RO         4735    i.xQueueReceiveFromISR  queue.o
    0x0800529e   0x0800529e   0x00000002   PAD
    0x080052a0   0x080052a0   0x00000178   Code   RO         4736    i.xQueueSemaphoreTake  queue.o
    0x08005418   0x08005418   0x00000074   Code   RO         5066    i.xTaskCheckForTimeOut  tasks.o
    0x0800548c   0x0800548c   0x0000005a   Code   RO         5067    i.xTaskCreate       tasks.o
    0x080054e6   0x080054e6   0x0000005a   Code   RO         5068    i.xTaskCreateStatic  tasks.o
    0x08005540   0x08005540   0x0000001c   Code   RO         5072    i.xTaskGetSchedulerState  tasks.o
    0x0800555c   0x0800555c   0x0000000c   Code   RO         5073    i.xTaskGetTickCount  tasks.o
    0x08005568   0x08005568   0x00000010   Code   RO         5074    i.xTaskGetTickCountFromISR  tasks.o
    0x08005578   0x08005578   0x000000cc   Code   RO         5075    i.xTaskIncrementTick  tasks.o
    0x08005644   0x08005644   0x00000098   Code   RO         5078    i.xTaskPriorityDisinherit  tasks.o
    0x080056dc   0x080056dc   0x0000008c   Code   RO         5079    i.xTaskPriorityInherit  tasks.o
    0x08005768   0x08005768   0x00000074   Code   RO         5080    i.xTaskRemoveFromEventList  tasks.o
    0x080057dc   0x080057dc   0x000000c4   Code   RO         5081    i.xTaskResumeAll    tasks.o
    0x080058a0   0x080058a0   0x0000007c   Data   RO          574    .constdata          freertos.o
    0x0800591c   0x0800591c   0x00000010   Data   RO         4529    .constdata          system_stm32f4xx.o
    0x0800592c   0x0800592c   0x00000008   Data   RO         4530    .constdata          system_stm32f4xx.o
    0x08005934   0x08005934   0x00000081   Data   RO         6191    .constdata          mc_w.l(ctype_o.o)
    0x080059b5   0x080059b5   0x00000003   PAD
    0x080059b8   0x080059b8   0x00000004   Data   RO         6192    .constdata          mc_w.l(ctype_o.o)
    0x080059bc   0x080059bc   0x00000045   Data   RO          250    .conststring        wifi.o
    0x08005a01   0x08005a01   0x00000003   PAD
    0x08005a04   0x08005a04   0x00000028   Data   RO          575    .conststring        freertos.o
    0x08005a2c   0x08005a2c   0x00000020   Data   RO         6224    Region$$Table       anon$$obj.o


    Execution Region RW_IRAM1 (Exec base: 0x20000000, Load base: 0x08005a4c, Size: 0x00004708, Max: 0x0001c000, ABSOLUTE)

    Exec Addr    Load Addr    Size         Type   Attr      Idx    E Section Name        Object

    0x20000000   0x08005a4c   0x00000008   Data   RW           20    .data               ads1299.o
    0x20000008   0x08005a54   0x00000004   Data   RW          251    .data               wifi.o
    0x2000000c   0x08005a58   0x00000020   Data   RW          576    .data               freertos.o
    0x2000002c   0x08005a78   0x0000000c   Data   RW         3156    .data               stm32f4xx_hal.o
    0x20000038   0x08005a84   0x00000004   Data   RW         4531    .data               system_stm32f4xx.o
    0x2000003c   0x08005a88   0x0000003c   Data   RW         5084    .data               tasks.o
    0x20000078   0x08005ac4   0x00000020   Data   RW         5728    .data               heap_4.o
    0x20000098   0x08005ae4   0x0000000c   Data   RW         5796    .data               port.o
    0x200000a4   0x08005af0   0x00000004   Data   RW         6159    .data               mc_w.l(stdout.o)
    0x200000a8   0x08005af4   0x00000004   Data   RW         6169    .data               mc_w.l(errno.o)
    0x200000ac        -       0x00000100   Zero   RW          249    .bss                wifi.o
    0x200001ac        -       0x00000254   Zero   RW          573    .bss                freertos.o
    0x20000400        -       0x00000048   Zero   RW          655    .bss                adc.o
    0x20000448        -       0x00000054   Zero   RW          697    .bss                i2c.o
    0x2000049c        -       0x00000058   Zero   RW          739    .bss                spi.o
    0x200004f4        -       0x000000d8   Zero   RW          784    .bss                usart.o
    0x200005cc        -       0x00000048   Zero   RW          950    .bss                stm32f4xx_hal_timebase_tim.o
    0x20000614        -       0x000000f0   Zero   RW         5083    .bss                tasks.o
    0x20000704        -       0x00003c00   Zero   RW         5727    .bss                heap_4.o
    0x20004304   0x08005af8   0x00000004   PAD
    0x20004308        -       0x00000400   Zero   RW            1    STACK               startup_stm32f405xx.o


    Execution Region RW_IRAM2 (Exec base: 0x2001c000, Load base: 0x08005af8, Size: 0x00000000, Max: 0x00004000, ABSOLUTE)

    **** No section assigned to this execution region ****


==============================================================================

Image component sizes


      Code (inc. data)   RO Data    RW Data    ZI Data      Debug   Object Name

       196         24          0          0         72       1701   adc.o
      1250        588          0          8          0     623537   ads1299.o
       996         18          0          0          0      38856   cmsis_os.o
         0          0          0          0          0      19976   event_groups.o
       900        378        164         32        596      12322   freertos.o
       308         20          0          0          0       1071   gpio.o
       472         24          0         32      15360       7491   heap_4.o
       168         26          0          0         84       1677   i2c.o
       138          0          0          0          0       3542   list.o
       306         40          0          0          0     685130   main.o
       786         80          0         12          0      11849   port.o
      2148         18          0          0          0      21283   queue.o
       180         24          0          0         88       1689   spi.o
        36          8        392          0       1024        836   startup_stm32f405xx.o
       116         18          0         12          0       8718   stm32f4xx_hal.o
       712         28          0          0          0       2875   stm32f4xx_hal_adc.o
       158         14          0          0          0      32994   stm32f4xx_hal_cortex.o
       182          0          0          0          0       2099   stm32f4xx_hal_dma.o
       514         52          0          0          0       3564   stm32f4xx_hal_gpio.o
       392         16          0          0          0       3227   stm32f4xx_hal_i2c.o
        56          4          0          0          0        866   stm32f4xx_hal_msp.o
      1392         86          0          0          0       6057   stm32f4xx_hal_rcc.o
      1762         16          0          0          0       8414   stm32f4xx_hal_spi.o
       740         72          0          0          0       7684   stm32f4xx_hal_tim.o
         4          0          0          0          0       1677   stm32f4xx_hal_tim_ex.o
       152         20          0          0         72       1484   stm32f4xx_hal_timebase_tim.o
      1654         14          0          0          0      11520   stm32f4xx_hal_uart.o
        62         18          0          0          0       5117   stm32f4xx_it.o
         0          0          0          0          0        384   stream_buffer.o
        16          4         24          4          0       1127   system_stm32f4xx.o
      2552        196          0         60        240      29925   tasks.o
       452         56          0          0        216       3736   usart.o
      1552        984         69          4        256       5348   wifi.o

    ----------------------------------------------------------------------
     20388       2846        684        164      18012    1567776   Object Totals
         0          0         32          0          0          0   (incl. Generated)
        36          0          3          0          4          0   (incl. Padding)

    ----------------------------------------------------------------------

      Code (inc. data)   RO Data    RW Data    ZI Data      Debug   Library Member Name

        28          0          0          0          0         68   _chval.o
       158          0          0          0          0         92   _strtoul.o
        26          0          0          0          0         80   atoi.o
         8          4        133          0          0         68   ctype_o.o
         0          0          0          0          0          0   entry.o
         0          0          0          0          0          0   entry10a.o
         0          0          0          0          0          0   entry11a.o
         4          0          0          0          0          0   entry12b.o
         8          4          0          0          0          0   entry2.o
         4          0          0          0          0          0   entry5.o
         0          0          0          0          0          0   entry7b.o
         0          0          0          0          0          0   entry8b.o
         8          4          0          0          0          0   entry9a.o
         8          4          0          4          0         68   errno.o
        30          0          0          0          0          0   handlers.o
        36          8          0          0          0         68   init.o
        30          0          0          0          0         68   llshl.o
        32          0          0          0          0         68   llushr.o
        36          0          0          0          0         68   memcpya.o
        36          0          0          0          0        108   memseta.o
      1192         60          0          0          0        504   printf8.o
         0          0          0          4          0          0   stdout.o
        14          0          0          0          0         68   strlen.o
        36          0          0          0          0         80   strstr.o
       112          0          0          0          0         88   strtol.o
        98          0          0          0          0         92   uldiv.o

    ----------------------------------------------------------------------
      1908         84        136          8          0       1588   Library Totals
         4          0          3          0          0          0   (incl. Padding)

    ----------------------------------------------------------------------

      Code (inc. data)   RO Data    RW Data    ZI Data      Debug   Library Name

      1904         84        133          8          0       1588   mc_w.l

    ----------------------------------------------------------------------
      1908         84        136          8          0       1588   Library Totals

    ----------------------------------------------------------------------

==============================================================================


      Code (inc. data)   RO Data    RW Data    ZI Data      Debug   

     22296       2930        820        172      18012    1551188   Grand Totals
     22296       2930        820        172      18012    1551188   ELF Image Totals
     22296       2930        820        172          0          0   ROM Totals

==============================================================================

    Total RO  Size (Code + RO Data)                23116 (  22.57kB)
    Total RW  Size (RW Data + ZI Data)             18184 (  17.76kB)
    Total ROM Size (Code + RO Data + RW Data)      23288 (  22.74kB)

==============================================================================

