<html>
<body>
<pre>
<h1>µVision Build Log</h1>
<h2>Tool Versions:</h2>
IDE-Version: ¦ÌVision V5.34.0.0
Copyright (C) 2021 ARM Ltd and ARM Germany GmbH. All rights reserved.
License Information: yue pcc, proud, LIC=LSNXV-P1EDA-FW52N-YE3SL-EXBRL-V5UCF
 
Tool Versions:
Toolchain:       MDK-ARM Plus  Version: 5.34.0.0
Toolchain Path:  F:\Keil\ARM\ARMCC\Bin
C Compiler:      Armcc.exe V5.06 update 7 (build 960)
Assembler:       Armasm.exe V5.06 update 7 (build 960)
Linker/Locator:  ArmLink.exe V5.06 update 7 (build 960)
Library Manager: ArmAr.exe V5.06 update 7 (build 960)
Hex Converter:   FromElf.exe V5.06 update 7 (build 960)
CPU DLL:         SARMCM3.DLL V5.34.0.0
Dialog DLL:      DCM.DLL V1.17.3.0
Target DLL:      STLink\ST-LINKIII-KEIL_SWO.dll V3.0.8.0
Dialog DLL:      TCM.DLL V1.48.0.0
 
<h2>Project:</h2>
F:\EEG\TeamEEG\EEG_Acquisition_System\ads1299v3.2\MDK-ARM\f405.uvprojx
Project File Date:  07/10/2025

<h2>Output:</h2>
*** Using Compiler 'V5.06 update 7 (build 960)', folder: 'F:\Keil\ARM\ARMCC\Bin'
Build target 'f405'
compiling usart.c...
compiling stm32f4xx_it.c...
compiling wifi.c...
..\Core\Src\wifi\wifi.c(161): warning:  #223-D: function "atoi" declared implicitly
              *con_id = atoi(p + strlen("ConID="));
..\Core\Src\wifi\wifi.c(149): warning:  #177-D: variable "response_buffer"  was declared but never referenced
      char response_buffer[32];
..\Core\Src\wifi\wifi.c: 2 warnings, 0 errors
compiling freertos.c...
../Core/Src/freertos.c(288): warning:  #177-D: variable "count"  was declared but never referenced
  		static uint32_t count = 0;
../Core/Src/freertos.c: 1 warning, 0 errors
linking...
Program Size: Code=22348 RO-data=852 RW-data=176 ZI-data=18008  
FromELF: creating hex file...
"f405\f405.axf" - 0 Error(s), 3 Warning(s).

<h2>Software Packages used:</h2>

Package Vendor: ARM
                http://www.keil.com/pack/ARM.CMSIS.5.7.0.pack
                ARM.CMSIS.5.7.0
                CMSIS (Cortex Microcontroller Software Interface Standard)
   * Component: CORE Version: 5.4.0

Package Vendor: Keil
                https://www.keil.com/pack/Keil.STM32F4xx_DFP.3.0.0.pack
                Keil.STM32F4xx_DFP.3.0.0
                STMicroelectronics STM32F4 Series Device Support

<h2>Collection of Component include folders:</h2>
  .\RTE\_f405
  F:\Keil\ARM\CMSIS\5.7.0\CMSIS\Core\Include

<h2>Collection of Component Files used:</h2>

   * Component: ARM::CMSIS:CORE:5.4.0
      Include file:  CMSIS\Core\Include\tz_context.h
Build Time Elapsed:  00:00:04
</pre>
</body>
</html>
